Archive member included because of file (symbol)

c:/program files (x86)/microchip/xc32/v2.30/bin/bin/../../lib/gcc/pic32mx/4.8.3/../../../../pic32mx/lib\libmchp_peripheral_32MX250F128B.a(int_disable_interrupts_lib.o)
                              build/default/production/main_ndf.o (INTDisableInterrupts)
c:/program files (x86)/microchip/xc32/v2.30/bin/bin/../../lib/gcc/pic32mx/4.8.3/../../../../pic32mx/lib\libmchp_peripheral_32MX250F128B.a(int_restore_interrupts_lib.o)
                              build/default/production/main_ndf.o (INTRestoreInterrupts)
c:/program files (x86)/microchip/xc32/v2.30/bin/bin/../../lib/gcc/pic32mx/4.8.3/../../../../pic32mx/lib\libmchp_peripheral_32MX250F128B.a(int_enable_mv_int_lib.o)
                              build/default/production/ADC_V1.1.o (INTEnableSystemMultiVectoredInt)
c:/program files (x86)/microchip/xc32/v2.30/bin/bin/../../lib/gcc/pic32mx/4.8.3/../../../../pic32mx/lib\libmchp_peripheral_32MX250F128B.a(dma_chn_set_ev_enable_flags_lib.o)
                              build/default/production/Uart_Print_V1.1.o (DmaChnSetEvEnableFlags)
c:/program files (x86)/microchip/xc32/v2.30/bin/bin/../../lib/gcc/pic32mx/4.8.3/../../../../pic32mx/lib\libmchp_peripheral_32MX250F128B.a(dma_chn_open_lib.o)
                              build/default/production/Uart_Print_V1.1.o (DmaChnOpen)
c:/program files (x86)/microchip/xc32/v2.30/bin/bin/../../lib/gcc/pic32mx/4.8.3/../../../../pic32mx/lib\libmchp_peripheral_32MX250F128B.a(dma_chn_enable_lib.o)
                              build/default/production/Uart_Print_V1.1.o (DmaChnEnable)
c:/program files (x86)/microchip/xc32/v2.30/bin/bin/../../lib/gcc/pic32mx/4.8.3/../../../../pic32mx/lib\libmchp_peripheral_32MX250F128B.a(dma_chn_write_event_control_flags_lib.o)
                              build/default/production/Uart_Print_V1.1.o (DmaChnWriteEventControlFlags)
c:/program files (x86)/microchip/xc32/v2.30/bin/bin/../../lib/gcc/pic32mx/4.8.3/../../../../pic32mx/lib\libmchp_peripheral_32MX250F128B.a(dma_chn_set_match_pattern_lib.o)
                              build/default/production/Uart_Print_V1.1.o (DmaChnSetMatchPattern)
c:/program files (x86)/microchip/xc32/v2.30/bin/bin/../../lib/gcc/pic32mx/4.8.3/../../../../pic32mx/lib\libmchp_peripheral_32MX250F128B.a(dma_chn_set_txfer_lib.o)
                              build/default/production/Uart_Print_V1.1.o (DmaChnSetTxfer)
c:/program files (x86)/microchip/xc32/v2.30/bin/bin/../../lib/gcc/pic32mx/4.8.3/../../../../pic32mx/lib\libmchp_peripheral_32MX250F128B.a(dma_reg_map_tbl_lib.o)
                              c:/program files (x86)/microchip/xc32/v2.30/bin/bin/../../lib/gcc/pic32mx/4.8.3/../../../../pic32mx/lib\libmchp_peripheral_32MX250F128B.a(dma_chn_set_ev_enable_flags_lib.o) (_DmaMapTbl)
c:/program files (x86)/microchip/xc32/v2.30/bin/bin/../../lib/gcc/pic32mx/4.8.3/../../../../pic32mx/lib\libmchp_peripheral_32MX250F128B.a(uart_lib.o)
                              build/default/production/Uart_Print_V1.1.o (uartReg)
c:/program files (x86)/microchip/xc32/v2.30/bin/bin/../../lib/gcc/pic32mx/4.8.3/../../../../pic32mx/lib\libmchp_peripheral_32MX250F128B.a(int_enable_interrupts_lib.o)
                              c:/program files (x86)/microchip/xc32/v2.30/bin/bin/../../lib/gcc/pic32mx/4.8.3/../../../../pic32mx/lib\libmchp_peripheral_32MX250F128B.a(int_enable_mv_int_lib.o) (INTEnableInterrupts)
c:/program files (x86)/microchip/xc32/v2.30/bin/bin/../../lib/gcc/pic32mx/4.8.3/../../../../pic32mx/lib\libmchp_peripheral_32MX250F128B.a(int_tbl_lib.o)
                              c:/program files (x86)/microchip/xc32/v2.30/bin/bin/../../lib/gcc/pic32mx/4.8.3/../../../../pic32mx/lib\libmchp_peripheral_32MX250F128B.a(dma_chn_open_lib.o) (INTClearFlag)
c:/program files (x86)/microchip/xc32/v2.30/bin/bin/../../lib/gcc/pic32mx/4.8.3\libgcc.a(floatunsisf.o)
                              build/default/production/main_ndf.o (__floatunsisf)
c:/program files (x86)/microchip/xc32/v2.30/bin/bin/../../lib/gcc/pic32mx/4.8.3/../../../../pic32mx/lib\libpic32.a(default-bootstrap-exception-handler.o)
                              C:\Users\STUDEN~1.MSE\AppData\Local\Temp\ccFTmghf.o (_bootstrap_exception_handler)
c:/program files (x86)/microchip/xc32/v2.30/bin/bin/../../lib/gcc/pic32mx/4.8.3/../../../../pic32mx/lib\libpic32.a(default-on-reset.o)
                              C:\Users\STUDEN~1.MSE\AppData\Local\Temp\ccFTmghf.o (_on_reset)
c:/program files (x86)/microchip/xc32/v2.30/bin/bin/../../lib/gcc/pic32mx/4.8.3/../../../../pic32mx/lib\libpic32.a(default-on-bootstrap.o)
                              C:\Users\STUDEN~1.MSE\AppData\Local\Temp\ccFTmghf.o (_on_bootstrap)
c:/program files (x86)/microchip/xc32/v2.30/bin/bin/../../lib/gcc/pic32mx/4.8.3/../../../../pic32mx/lib\libpic32.a(default-nmi-handler.o)
                              C:\Users\STUDEN~1.MSE\AppData\Local\Temp\ccFTmghf.o (_nmi_handler)
[...]
Memory Configuration

Name             Origin             Length             Attributes
kseg0_program_mem 0x9d000000         0x0001f000         xr
exception_mem    0x9d01f000         0x00001000
debug_exec_mem   0x9fc00490         0x00000760
kseg0_boot_mem   0x9fc00490         0x00000000
kseg1_boot_mem   0xbfc00000         0x00000490
config3          0xbfc00bf0         0x00000004
config2          0xbfc00bf4         0x00000004
config1          0xbfc00bf8         0x00000004
config0          0xbfc00bfc         0x00000004
kseg1_data_mem   0xa0000000         0x00008000         w !x
sfrs             0xbf800000         0x00100000
configsfrs       0xbfc00bf0         0x00000010
*default*        0x00000000         0xffffffff

Linker script and memory map

LOAD c:/program files (x86)/microchip/xc32/v2.30/bin/bin/../../lib/gcc/pic32mx/4.8.3/../../../../pic32mx/lib\debug-exception-return.o
LOAD build/default/production/Pic32_delay_V1.1.o
LOAD build/default/production/ADC_V1.1.o
LOAD build/default/production/DAC_V1.1.o
LOAD build/default/production/Uart_Print_V1.1.o
LOAD build/default/production/ndf.o
LOAD build/default/production/Lpfilter.o
LOAD build/default/production/main_ndf.o
                0x00000001                __MPLAB_BUILD = 0x1
LOAD C:\Users\STUDEN~1.MSE\AppData\Local\Temp\ccFTmghf.o
LOAD C:\Users\STUDEN~1.MSE\AppData\Local\Temp\cc5yaAIq.o
LOAD C:\Users\STUDEN~1.MSE\AppData\Local\Temp\ccf8Wipt.o
LOAD c:/program files (x86)/microchip/xc32/v2.30/bin/bin/../../lib/gcc/pic32mx/4.8.3/../../../../pic32mx/lib\pic32_software_reset.o
                0x00000400                PROVIDE (_min_stack_size, 0x400)
START GROUP
LOAD c:/program files (x86)/microchip/xc32/v2.30/bin/bin/../../lib/gcc/pic32mx/4.8.3/../../../../pic32mx/lib/./proc/32MX250F128B\processor.o
END GROUP
START GROUP
LOAD c:/program files (x86)/microchip/xc32/v2.30/bin/bin/../../lib/gcc/pic32mx/4.8.3/../../../../pic32mx/lib\libmchp_peripheral.a
END GROUP
START GROUP
LOAD c:/program files (x86)/microchip/xc32/v2.30/bin/bin/../../lib/gcc/pic32mx/4.8.3/../../../../pic32mx/lib\libmchp_peripheral_32MX250F128B.a
END GROUP
                0x00000001                PROVIDE (_vector_spacing, 0x1)
                0x9d01f000                PROVIDE (_ebase_address, 0x9d01f000)
                0xbfc00000                _RESET_ADDR = 0xbfc00000
                0xbfc00380                _BEV_EXCPT_ADDR = 0xbfc00380
                0xbfc00480                _DBG_EXCPT_ADDR = 0xbfc00480
                0x9fc00490                _DBG_CODE_ADDR = 0x9fc00490
                0x00000760                _DBG_CODE_SIZE = 0x760
                0x9d01f180                _GEN_EXCPT_ADDR = (_ebase_address + 0x180)

.config_BFC00BF0
                0xbfc00bf0        0x4
 *(.config_BFC00BF0)
 .config_BFC00BF0
                0xbfc00bf0        0x4 build/default/production/main_ndf.o

.config_BFC00BF4
                0xbfc00bf4        0x4
 *(.config_BFC00BF4)
 .config_BFC00BF4
                0xbfc00bf4        0x4 build/default/production/main_ndf.o

.config_BFC00BF8
                0xbfc00bf8        0x4
 *(.config_BFC00BF8)
 .config_BFC00BF8
                0xbfc00bf8        0x4 build/default/production/main_ndf.o

.config_BFC00BFC
                0xbfc00bfc        0x4
 *(.config_BFC00BFC)
 .config_BFC00BFC
                0xbfc00bfc        0x4 build/default/production/main_ndf.o
                0xbfc02000                PROVIDE (_DBG_CODE_ADDR, 0xbfc02000)
                0x00000ff0                PROVIDE (_DBG_CODE_SIZE, 0xff0)

.reset          0xbfc00000      0x178
 *(.reset)
 .reset         0xbfc00000        0x8 C:\Users\STUDEN~1.MSE\AppData\Local\Temp\ccFTmghf.o
                0xbfc00000                _reset
 *(.reset.startup)
 .reset.startup
                0xbfc00008      0x170 C:\Users\STUDEN~1.MSE\AppData\Local\Temp\ccFTmghf.o
                0xbfc00008                _startup

.bev_excpt      0xbfc00380       0x10
 *(.bev_handler)
 .bev_handler   0xbfc00380       0x10 C:\Users\STUDEN~1.MSE\AppData\Local\Temp\ccFTmghf.o

.dbg_excpt      0xbfc00480        0x0
                0xbfc00480                . = (. + DEFINED (_DEBUGGER)?0x8:0x0)

.dbg_code       0x9fc00490        0x0
                0x9fc00490                . = (. + DEFINED (_DEBUGGER)?_DBG_CODE_SIZE:0x0)

.app_excpt      0x9d01f180       0x10
 *(.gen_handler)
 .gen_handler   0x9d01f180       0x10 C:\Users\STUDEN~1.MSE\AppData\Local\Temp\ccFTmghf.o

.vector_0       0x9d01f200        0x8
 *(.vector_0)
 .vector_0      0x9d01f200        0x8 c:/program files (x86)/microchip/xc32/v2.30/bin/bin/../../lib/gcc/pic32mx/4.8.3/../../../../pic32mx/lib\libpic32.a(vector0.o)
                0x9d01f200                __vector_dispatch_0
                0x00000001                ASSERT (((_vector_spacing == 0x0) || (SIZEOF (.vector_0) <= (_vector_spacing << 0x5))), function at exception vector 0 too large)

.vector_1       0x9d01f220        0x8
 *(.vector_1)
 .vector_1      0x9d01f220        0x8 c:/program files (x86)/microchip/xc32/v2.30/bin/bin/../../lib/gcc/pic32mx/4.8.3/../../../../pic32mx/lib\libpic32.a(vector1.o)
                0x9d01f220                __vector_dispatch_1
                0x00000001                ASSERT (((_vector_spacing == 0x0) || (SIZEOF (.vector_1) <= (_vector_spacing << 0x5))), function at exception vector 1 too large)

.vector_2       0x9d01f240        0x8
 *(.vector_2)
 .vector_2      0x9d01f240        0x8 c:/program files (x86)/microchip/xc32/v2.30/bin/bin/../../lib/gcc/pic32mx/4.8.3/../../../../pic32mx/lib\libpic32.a(vector2.o)
                0x9d01f240                __vector_dispatch_2
                0x00000001                ASSERT (((_vector_spacing == 0x0) || (SIZEOF (.vector_2) <= (_vector_spacing << 0x5))), function at exception vector 2 too large)

.vector_3       0x9d01f260        0x8
 *(.vector_3)
 .vector_3      0x9d01f260        0x8 c:/program files (x86)/microchip/xc32/v2.30/bin/bin/../../lib/gcc/pic32mx/4.8.3/../../../../pic32mx/lib\libpic32.a(vector3.o)
                0x9d01f260                __vector_dispatch_3
                0x00000001                ASSERT (((_vector_spacing == 0x0) || (SIZEOF (.vector_3) <= (_vector_spacing << 0x5))), function at exception vector 3 too large)

.vector_4       0x9d01f280        0x8
 *(.vector_4)
 .vector_4      0x9d01f280        0x8 c:/program files (x86)/microchip/xc32/v2.30/bin/bin/../../lib/gcc/pic32mx/4.8.3/../../../../pic32mx/lib\libpic32.a(vector4.o)
                0x9d01f280                __vector_dispatch_4
                0x00000001                ASSERT (((_vector_spacing == 0x0) || (SIZEOF (.vector_4) <= (_vector_spacing << 0x5))), function at exception vector 4 too large)

.vector_5       0x9d01f2a0        0x8
 *(.vector_5)
 .vector_5      0x9d01f2a0        0x8 c:/program files (x86)/microchip/xc32/v2.30/bin/bin/../../lib/gcc/pic32mx/4.8.3/../../../../pic32mx/lib\libpic32.a(vector5.o)
                0x9d01f2a0                __vector_dispatch_5
                0x00000001                ASSERT (((_vector_spacing == 0x0) || (SIZEOF (.vector_5) <= (_vector_spacing << 0x5))), function at exception vector 5 too large)

.vector_6       0x9d01f2c0        0x8
 *(.vector_6)
 .vector_6      0x9d01f2c0        0x8 c:/program files (x86)/microchip/xc32/v2.30/bin/bin/../../lib/gcc/pic32mx/4.8.3/../../../../pic32mx/lib\libpic32.a(vector6.o)
                0x9d01f2c0                __vector_dispatch_6
                0x00000001                ASSERT (((_vector_spacing == 0x0) || (SIZEOF (.vector_6) <= (_vector_spacing << 0x5))), function at exception vector 6 too large)

.vector_7       0x9d01f2e0        0x8
 *(.vector_7)
 .vector_7      0x9d01f2e0        0x8 build/default/production/main_ndf.o
                0x9d01f2e0                __vector_dispatch_7
                0x00000001                ASSERT (((_vector_spacing == 0x0) || (SIZEOF (.vector_7) <= (_vector_spacing << 0x5))), function at exception vector 7 too large)

.vector_8       0x9d01f300        0x8
 *(.vector_8)
 .vector_8      0x9d01f300        0x8 c:/program files (x86)/microchip/xc32/v2.30/bin/bin/../../lib/gcc/pic32mx/4.8.3/../../../../pic32mx/lib\libpic32.a(vector8.o)
                0x9d01f300                __vector_dispatch_8
                0x00000001                ASSERT (((_vector_spacing == 0x0) || (SIZEOF (.vector_8) <= (_vector_spacing << 0x5))), function at exception vector 8 too large)

.vector_9       0x9d01f320        0x8
 *(.vector_9)
 .vector_9      0x9d01f320        0x8 c:/program files (x86)/microchip/xc32/v2.30/bin/bin/../../lib/gcc/pic32mx/4.8.3/../../../../pic32mx/lib\libpic32.a(vector9.o)
                0x9d01f320                __vector_dispatch_9
                0x00000001                ASSERT (((_vector_spacing == 0x0) || (SIZEOF (.vector_9) <= (_vector_spacing << 0x5))), function at exception vector 9 too large)

.vector_10      0x9d01f340        0x8
 *(.vector_10)
 .vector_10     0x9d01f340        0x8 c:/program files (x86)/microchip/xc32/v2.30/bin/bin/../../lib/gcc/pic32mx/4.8.3/../../../../pic32mx/lib\libpic32.a(vector10.o)
                0x9d01f340                __vector_dispatch_10
                0x00000001                ASSERT (((_vector_spacing == 0x0) || (SIZEOF (.vector_10) <= (_vector_spacing << 0x5))), function at exception vector 10 too large)

.vector_11      0x9d01f360        0x8
 *(.vector_11)
 .vector_11     0x9d01f360        0x8 c:/program files (x86)/microchip/xc32/v2.30/bin/bin/../../lib/gcc/pic32mx/4.8.3/../../../../pic32mx/lib\libpic32.a(vector11.o)
                0x9d01f360                __vector_dispatch_11
                0x00000001                ASSERT (((_vector_spacing == 0x0) || (SIZEOF (.vector_11) <= (_vector_spacing << 0x5))), function at exception vector 11 too large)

.vector_12      0x9d01f380        0x8
 *(.vector_12)
 .vector_12     0x9d01f380        0x8 build/default/production/main_ndf.o
                0x9d01f380                __vector_dispatch_12
                0x00000001                ASSERT (((_vector_spacing == 0x0) || (SIZEOF (.vector_12) <= (_vector_spacing << 0x5))), function at exception vector 12 too large)

.vector_13      0x9d01f3a0        0x8
 *(.vector_13)
 .vector_13     0x9d01f3a0        0x8 c:/program files (x86)/microchip/xc32/v2.30/bin/bin/../../lib/gcc/pic32mx/4.8.3/../../../../pic32mx/lib\libpic32.a(vector13.o)
                0x9d01f3a0                __vector_dispatch_13
                0x00000001                ASSERT (((_vector_spacing == 0x0) || (SIZEOF (.vector_13) <= (_vector_spacing << 0x5))), function at exception vector 13 too large)

.vector_14      0x9d01f3c0        0x8
 *(.vector_14)
 .vector_14     0x9d01f3c0        0x8 c:/program files (x86)/microchip/xc32/v2.30/bin/bin/../../lib/gcc/pic32mx/4.8.3/../../../../pic32mx/lib\libpic32.a(vector14.o)
                0x9d01f3c0                __vector_dispatch_14
                0x00000001                ASSERT (((_vector_spacing == 0x0) || (SIZEOF (.vector_14) <= (_vector_spacing << 0x5))), function at exception vector 14 too large)

.vector_15      0x9d01f3e0        0x8
 *(.vector_15)
 .vector_15     0x9d01f3e0        0x8 c:/program files (x86)/microchip/xc32/v2.30/bin/bin/../../lib/gcc/pic32mx/4.8.3/../../../../pic32mx/lib\libpic32.a(vector15.o)
                0x9d01f3e0                __vector_dispatch_15
                0x00000001                ASSERT (((_vector_spacing == 0x0) || (SIZEOF (.vector_15) <= (_vector_spacing << 0x5))), function at exception vector 15 too large)

.vector_16      0x9d01f400        0x8
 *(.vector_16)
 .vector_16     0x9d01f400        0x8 c:/program files (x86)/microchip/xc32/v2.30/bin/bin/../../lib/gcc/pic32mx/4.8.3/../../../../pic32mx/lib\libpic32.a(vector16.o)
                0x9d01f400                __vector_dispatch_16
                0x00000001                ASSERT (((_vector_spacing == 0x0) || (SIZEOF (.vector_16) <= (_vector_spacing << 0x5))), function at exception vector 16 too large)

.vector_17      0x9d01f420        0x8
 *(.vector_17)
 .vector_17     0x9d01f420        0x8 c:/program files (x86)/microchip/xc32/v2.30/bin/bin/../../lib/gcc/pic32mx/4.8.3/../../../../pic32mx/lib\libpic32.a(vector17.o)
                0x9d01f420                __vector_dispatch_17
                0x00000001                ASSERT (((_vector_spacing == 0x0) || (SIZEOF (.vector_17) <= (_vector_spacing << 0x5))), function at exception vector 17 too large)

.vector_18      0x9d01f440        0x8
 *(.vector_18)
 .vector_18     0x9d01f440        0x8 c:/program files (x86)/microchip/xc32/v2.30/bin/bin/../../lib/gcc/pic32mx/4.8.3/../../../../pic32mx/lib\libpic32.a(vector18.o)
                0x9d01f440                __vector_dispatch_18
                0x00000001                ASSERT (((_vector_spacing == 0x0) || (SIZEOF (.vector_18) <= (_vector_spacing << 0x5))), function at exception vector 18 too large)

.vector_19      0x9d01f460        0x8
 *(.vector_19)
 .vector_19     0x9d01f460        0x8 c:/program files (x86)/microchip/xc32/v2.30/bin/bin/../../lib/gcc/pic32mx/4.8.3/../../../../pic32mx/lib\libpic32.a(vector19.o)
                0x9d01f460                __vector_dispatch_19
                0x00000001                ASSERT (((_vector_spacing == 0x0) || (SIZEOF (.vector_19) <= (_vector_spacing << 0x5))), function at exception vector 19 too large)

.vector_20      0x9d01f480        0x8
 *(.vector_20)
 .vector_20     0x9d01f480        0x8 c:/program files (x86)/microchip/xc32/v2.30/bin/bin/../../lib/gcc/pic32mx/4.8.3/../../../../pic32mx/lib\libpic32.a(vector20.o)
                0x9d01f480                __vector_dispatch_20
                0x00000001                ASSERT (((_vector_spacing == 0x0) || (SIZEOF (.vector_20) <= (_vector_spacing << 0x5))), function at exception vector 20 too large)

.vector_21      0x9d01f4a0        0x8
 *(.vector_21)
 .vector_21     0x9d01f4a0        0x8 c:/program files (x86)/microchip/xc32/v2.30/bin/bin/../../lib/gcc/pic32mx/4.8.3/../../../../pic32mx/lib\libpic32.a(vector21.o)
                0x9d01f4a0                __vector_dispatch_21
                0x00000001                ASSERT (((_vector_spacing == 0x0) || (SIZEOF (.vector_21) <= (_vector_spacing << 0x5))), function at exception vector 21 too large)

.vector_22      0x9d01f4c0        0x8
 *(.vector_22)
 .vector_22     0x9d01f4c0        0x8 c:/program files (x86)/microchip/xc32/v2.30/bin/bin/../../lib/gcc/pic32mx/4.8.3/../../../../pic32mx/lib\libpic32.a(vector22.o)
                0x9d01f4c0                __vector_dispatch_22
                0x00000001                ASSERT (((_vector_spacing == 0x0) || (SIZEOF (.vector_22) <= (_vector_spacing << 0x5))), function at exception vector 22 too large)

.vector_23      0x9d01f4e0        0x8
 *(.vector_23)
 .vector_23     0x9d01f4e0        0x8 c:/program files (x86)/microchip/xc32/v2.30/bin/bin/../../lib/gcc/pic32mx/4.8.3/../../../../pic32mx/lib\libpic32.a(vector23.o)
                0x9d01f4e0                __vector_dispatch_23
                0x00000001                ASSERT (((_vector_spacing == 0x0) || (SIZEOF (.vector_23) <= (_vector_spacing << 0x5))), function at exception vector 23 too large)

.vector_24      0x9d01f500        0x8
 *(.vector_24)
 .vector_24     0x9d01f500        0x8 c:/program files (x86)/microchip/xc32/v2.30/bin/bin/../../lib/gcc/pic32mx/4.8.3/../../../../pic32mx/lib\libpic32.a(vector24.o)
                0x9d01f500                __vector_dispatch_24
                0x00000001                ASSERT (((_vector_spacing == 0x0) || (SIZEOF (.vector_24) <= (_vector_spacing << 0x5))), function at exception vector 24 too large)

.vector_25      0x9d01f520        0x8
 *(.vector_25)
 .vector_25     0x9d01f520        0x8 c:/program files (x86)/microchip/xc32/v2.30/bin/bin/../../lib/gcc/pic32mx/4.8.3/../../../../pic32mx/lib\libpic32.a(vector25.o)
                0x9d01f520                __vector_dispatch_25
                0x00000001                ASSERT (((_vector_spacing == 0x0) || (SIZEOF (.vector_25) <= (_vector_spacing << 0x5))), function at exception vector 25 too large)

.vector_26      0x9d01f540        0x8
 *(.vector_26)
 .vector_26     0x9d01f540        0x8 c:/program files (x86)/microchip/xc32/v2.30/bin/bin/../../lib/gcc/pic32mx/4.8.3/../../../../pic32mx/lib\libpic32.a(vector26.o)
                0x9d01f540                __vector_dispatch_26
                0x00000001                ASSERT (((_vector_spacing == 0x0) || (SIZEOF (.vector_26) <= (_vector_spacing << 0x5))), function at exception vector 26 too large)

.vector_27      0x9d01f560        0x8
 *(.vector_27)
 .vector_27     0x9d01f560        0x8 c:/program files (x86)/microchip/xc32/v2.30/bin/bin/../../lib/gcc/pic32mx/4.8.3/../../../../pic32mx/lib\libpic32.a(vector27.o)
                0x9d01f560                __vector_dispatch_27
                0x00000001                ASSERT (((_vector_spacing == 0x0) || (SIZEOF (.vector_27) <= (_vector_spacing << 0x5))), function at exception vector 27 too large)

.vector_28      0x9d01f580        0x8
 *(.vector_28)
 .vector_28     0x9d01f580        0x8 c:/program files (x86)/microchip/xc32/v2.30/bin/bin/../../lib/gcc/pic32mx/4.8.3/../../../../pic32mx/lib\libpic32.a(vector28.o)
                0x9d01f580                __vector_dispatch_28
                0x00000001                ASSERT (((_vector_spacing == 0x0) || (SIZEOF (.vector_28) <= (_vector_spacing << 0x5))), function at exception vector 28 too large)

.vector_29      0x9d01f5a0        0x8
 *(.vector_29)
 .vector_29     0x9d01f5a0        0x8 c:/program files (x86)/microchip/xc32/v2.30/bin/bin/../../lib/gcc/pic32mx/4.8.3/../../../../pic32mx/lib\libpic32.a(vector29.o)
                0x9d01f5a0                __vector_dispatch_29
                0x00000001                ASSERT (((_vector_spacing == 0x0) || (SIZEOF (.vector_29) <= (_vector_spacing << 0x5))), function at exception vector 29 too large)

.vector_30      0x9d01f5c0        0x8
 *(.vector_30)
 .vector_30     0x9d01f5c0        0x8 c:/program files (x86)/microchip/xc32/v2.30/bin/bin/../../lib/gcc/pic32mx/4.8.3/../../../../pic32mx/lib\libpic32.a(vector30.o)
                0x9d01f5c0                __vector_dispatch_30
                0x00000001                ASSERT (((_vector_spacing == 0x0) || (SIZEOF (.vector_30) <= (_vector_spacing << 0x5))), function at exception vector 30 too large)

.vector_31      0x9d01f5e0        0x8
 *(.vector_31)
 .vector_31     0x9d01f5e0        0x8 c:/program files (x86)/microchip/xc32/v2.30/bin/bin/../../lib/gcc/pic32mx/4.8.3/../../../../pic32mx/lib\libpic32.a(vector31.o)
                0x9d01f5e0                __vector_dispatch_31
                0x00000001                ASSERT (((_vector_spacing == 0x0) || (SIZEOF (.vector_31) <= (_vector_spacing << 0x5))), function at exception vector 31 too large)

.vector_32      0x9d01f600        0x8
 *(.vector_32)
 .vector_32     0x9d01f600        0x8 c:/program files (x86)/microchip/xc32/v2.30/bin/bin/../../lib/gcc/pic32mx/4.8.3/../../../../pic32mx/lib\libpic32.a(vector32.o)
                0x9d01f600                __vector_dispatch_32
                0x00000001                ASSERT (((_vector_spacing == 0x0) || (SIZEOF (.vector_32) <= (_vector_spacing << 0x5))), function at exception vector 32 too large)

.vector_33      0x9d01f620        0x8
 *(.vector_33)
 .vector_33     0x9d01f620        0x8 c:/program files (x86)/microchip/xc32/v2.30/bin/bin/../../lib/gcc/pic32mx/4.8.3/../../../../pic32mx/lib\libpic32.a(vector33.o)
                0x9d01f620                __vector_dispatch_33
                0x00000001                ASSERT (((_vector_spacing == 0x0) || (SIZEOF (.vector_33) <= (_vector_spacing << 0x5))), function at exception vector 33 too large)

.vector_34      0x9d01f640        0x8
 *(.vector_34)
 .vector_34     0x9d01f640        0x8 c:/program files (x86)/microchip/xc32/v2.30/bin/bin/../../lib/gcc/pic32mx/4.8.3/../../../../pic32mx/lib\libpic32.a(vector34.o)
                0x9d01f640                __vector_dispatch_34
                0x00000001                ASSERT (((_vector_spacing == 0x0) || (SIZEOF (.vector_34) <= (_vector_spacing << 0x5))), function at exception vector 34 too large)

.vector_35      0x9d01f660        0x8
 *(.vector_35)
 .vector_35     0x9d01f660        0x8 c:/program files (x86)/microchip/xc32/v2.30/bin/bin/../../lib/gcc/pic32mx/4.8.3/../../../../pic32mx/lib\libpic32.a(vector35.o)
                0x9d01f660                __vector_dispatch_35
                0x00000001                ASSERT (((_vector_spacing == 0x0) || (SIZEOF (.vector_35) <= (_vector_spacing << 0x5))), function at exception vector 35 too large)

.vector_36      0x9d01f680        0x8
 *(.vector_36)
 .vector_36     0x9d01f680        0x8 c:/program files (x86)/microchip/xc32/v2.30/bin/bin/../../lib/gcc/pic32mx/4.8.3/../../../../pic32mx/lib\libpic32.a(vector36.o)
                0x9d01f680                __vector_dispatch_36
                0x00000001                ASSERT (((_vector_spacing == 0x0) || (SIZEOF (.vector_36) <= (_vector_spacing << 0x5))), function at exception vector 36 too large)

.vector_37      0x9d01f6a0        0x8
 *(.vector_37)
 .vector_37     0x9d01f6a0        0x8 c:/program files (x86)/microchip/xc32/v2.30/bin/bin/../../lib/gcc/pic32mx/4.8.3/../../../../pic32mx/lib\libpic32.a(vector37.o)
                0x9d01f6a0                __vector_dispatch_37
                0x00000001                ASSERT (((_vector_spacing == 0x0) || (SIZEOF (.vector_37) <= (_vector_spacing << 0x5))), function at exception vector 37 too large)

.vector_38      0x9d01f6c0        0x8
 *(.vector_38)
 .vector_38     0x9d01f6c0        0x8 c:/program files (x86)/microchip/xc32/v2.30/bin/bin/../../lib/gcc/pic32mx/4.8.3/../../../../pic32mx/lib\libpic32.a(vector38.o)
                0x9d01f6c0                __vector_dispatch_38
                0x00000001                ASSERT (((_vector_spacing == 0x0) || (SIZEOF (.vector_38) <= (_vector_spacing << 0x5))), function at exception vector 38 too large)

.vector_39      0x9d01f6e0        0x8
 *(.vector_39)
 .vector_39     0x9d01f6e0        0x8 c:/program files (x86)/microchip/xc32/v2.30/bin/bin/../../lib/gcc/pic32mx/4.8.3/../../../../pic32mx/lib\libpic32.a(vector39.o)
                0x9d01f6e0                __vector_dispatch_39
                0x00000001                ASSERT (((_vector_spacing == 0x0) || (SIZEOF (.vector_39) <= (_vector_spacing << 0x5))), function at exception vector 39 too large)

.vector_40      0x9d01f700        0x8
 *(.vector_40)
 .vector_40     0x9d01f700        0x8 c:/program files (x86)/microchip/xc32/v2.30/bin/bin/../../lib/gcc/pic32mx/4.8.3/../../../../pic32mx/lib\libpic32.a(vector40.o)
                0x9d01f700                __vector_dispatch_40
                0x00000001                ASSERT (((_vector_spacing == 0x0) || (SIZEOF (.vector_40) <= (_vector_spacing << 0x5))), function at exception vector 40 too large)

.vector_41      0x9d01f720        0x8
 *(.vector_41)
 .vector_41     0x9d01f720        0x8 c:/program files (x86)/microchip/xc32/v2.30/bin/bin/../../lib/gcc/pic32mx/4.8.3/../../../../pic32mx/lib\libpic32.a(vector41.o)
                0x9d01f720                __vector_dispatch_41
                0x00000001                ASSERT (((_vector_spacing == 0x0) || (SIZEOF (.vector_41) <= (_vector_spacing << 0x5))), function at exception vector 41 too large)

.vector_42      0x9d01f740        0x8
 *(.vector_42)
 .vector_42     0x9d01f740        0x8 c:/program files (x86)/microchip/xc32/v2.30/bin/bin/../../lib/gcc/pic32mx/4.8.3/../../../../pic32mx/lib\libpic32.a(vector42.o)
                0x9d01f740                __vector_dispatch_42
                0x00000001                ASSERT (((_vector_spacing == 0x0) || (SIZEOF (.vector_42) <= (_vector_spacing << 0x5))), function at exception vector 42 too large)

.vector_43      0x9d01f760        0x8
 *(.vector_43)
 .vector_43     0x9d01f760        0x8 c:/program files (x86)/microchip/xc32/v2.30/bin/bin/../../lib/gcc/pic32mx/4.8.3/../../../../pic32mx/lib\libpic32.a(vector43.o)
                0x9d01f760                __vector_dispatch_43
                0x00000001                ASSERT (((_vector_spacing == 0x0) || (SIZEOF (.vector_43) <= (_vector_spacing << 0x5))), function at exception vector 43 too large)

.vector_44      0x9d01f780        0x0
 *(.vector_44)
                0x00000001                ASSERT (((_vector_spacing == 0x0) || (SIZEOF (.vector_44) <= (_vector_spacing << 0x5))), function at exception vector 44 too large)

.vector_45      0x9d01f7a0        0x0
 *(.vector_45)
                0x00000001                ASSERT (((_vector_spacing == 0x0) || (SIZEOF (.vector_45) <= (_vector_spacing << 0x5))), function at exception vector 45 too large)

.vector_46      0x9d01f7c0        0x0
 *(.vector_46)
                0x00000001                ASSERT (((_vector_spacing == 0x0) || (SIZEOF (.vector_46) <= (_vector_spacing << 0x5))), function at exception vector 46 too large)

.vector_47      0x9d01f7e0        0x0
 *(.vector_47)
                0x00000001                ASSERT (((_vector_spacing == 0x0) || (SIZEOF (.vector_47) <= (_vector_spacing << 0x5))), function at exception vector 47 too large)

.vector_48      0x9d01f800        0x0
 *(.vector_48)
                0x00000001                ASSERT (((_vector_spacing == 0x0) || (SIZEOF (.vector_48) <= (_vector_spacing << 0x5))), function at exception vector 48 too large)

.vector_49      0x9d01f820        0x0
 *(.vector_49)
                0x00000001                ASSERT (((_vector_spacing == 0x0) || (SIZEOF (.vector_49) <= (_vector_spacing << 0x5))), function at exception vector 49 too large)

.vector_50      0x9d01f840        0x0
 *(.vector_50)
                0x00000001                ASSERT (((_vector_spacing == 0x0) || (SIZEOF (.vector_50) <= (_vector_spacing << 0x5))), function at exception vector 50 too large)

.vector_51      0x9d01f860        0x0
 *(.vector_51)
                0x00000001                ASSERT (((_vector_spacing == 0x0) || (SIZEOF (.vector_51) <= (_vector_spacing << 0x5))), function at exception vector 51 too large)

.vector_52      0x9d01f880        0x0
 *(.vector_52)
                0x00000001                ASSERT (((_vector_spacing == 0x0) || (SIZEOF (.vector_52) <= (_vector_spacing << 0x5))), function at exception vector 52 too large)

.vector_53      0x9d01f8a0        0x0
 *(.vector_53)
                0x00000001                ASSERT (((_vector_spacing == 0x0) || (SIZEOF (.vector_53) <= (_vector_spacing << 0x5))), function at exception vector 53 too large)

.vector_54      0x9d01f8c0        0x0
 *(.vector_54)
                0x00000001                ASSERT (((_vector_spacing == 0x0) || (SIZEOF (.vector_54) <= (_vector_spacing << 0x5))), function at exception vector 54 too large)

.vector_55      0x9d01f8e0        0x0
 *(.vector_55)
                0x00000001                ASSERT (((_vector_spacing == 0x0) || (SIZEOF (.vector_55) <= (_vector_spacing << 0x5))), function at exception vector 55 too large)

.vector_56      0x9d01f900        0x0
 *(.vector_56)
                0x00000001                ASSERT (((_vector_spacing == 0x0) || (SIZEOF (.vector_56) <= (_vector_spacing << 0x5))), function at exception vector 56 too large)

.vector_57      0x9d01f920        0x0
 *(.vector_57)
                0x00000001                ASSERT (((_vector_spacing == 0x0) || (SIZEOF (.vector_57) <= (_vector_spacing << 0x5))), function at exception vector 57 too large)

.vector_58      0x9d01f940        0x0
 *(.vector_58)
                0x00000001                ASSERT (((_vector_spacing == 0x0) || (SIZEOF (.vector_58) <= (_vector_spacing << 0x5))), function at exception vector 58 too large)

.vector_59      0x9d01f960        0x0
 *(.vector_59)
                0x00000001                ASSERT (((_vector_spacing == 0x0) || (SIZEOF (.vector_59) <= (_vector_spacing << 0x5))), function at exception vector 59 too large)

.vector_60      0x9d01f980        0x0
 *(.vector_60)
                0x00000001                ASSERT (((_vector_spacing == 0x0) || (SIZEOF (.vector_60) <= (_vector_spacing << 0x5))), function at exception vector 60 too large)

.vector_61      0x9d01f9a0        0x0
 *(.vector_61)
                0x00000001                ASSERT (((_vector_spacing == 0x0) || (SIZEOF (.vector_61) <= (_vector_spacing << 0x5))), function at exception vector 61 too large)

.vector_62      0x9d01f9c0        0x0
 *(.vector_62)
                0x00000001                ASSERT (((_vector_spacing == 0x0) || (SIZEOF (.vector_62) <= (_vector_spacing << 0x5))), function at exception vector 62 too large)

.vector_63      0x9d01f9e0        0x0
 *(.vector_63)
                0x00000001                ASSERT (((_vector_spacing == 0x0) || (SIZEOF (.vector_63) <= (_vector_spacing << 0x5))), function at exception vector 63 too large)

.startup
 *(.startup)

.text           0x9d000000        0x0
 *(.stub .gnu.linkonce.t.*)
 *(.text.*personality*)
 *(.mips16.fn.*)
 *(.mips16.call.*)
 *(.gnu.warning)
                0x9d000000                . = ALIGN (0x4)

.init           0x9d000000        0x0
 *crti.o(.init)
 *crtbegin.o(.init)
 *(EXCLUDE_FILE(*crtn.o *crtend?.o *crtend.o) .init)
 *crtend.o(.init)
 *crtn.o(.init)
                0x9d000000                . = ALIGN (0x4)

.fini           0x9d000000        0x0
 *(.fini)
                0x9d000000                . = ALIGN (0x4)

.preinit_array  0x9d000000        0x0
                0x9d000000                PROVIDE (__preinit_array_start, .)
 *(.preinit_array)
                0x9d000000                PROVIDE (__preinit_array_end, .)
                0x9d000000                . = ALIGN (0x4)

.init_array     0x9d000000        0x0
                0x9d000000                PROVIDE (__init_array_start, .)
 *(SORT(.init_array.*))
 *(.init_array)
                0x9d000000                PROVIDE (__init_array_end, .)
                0x9d000000                . = ALIGN (0x4)

.fini_array     0x9d000000        0x0
                0x9d000000                PROVIDE (__fini_array_start, .)
 *(SORT(.fini_array.*))
 *(.fini_array)
                0x9d000000                PROVIDE (__fini_array_end, .)
                0x9d000000                . = ALIGN (0x4)

.ctors          0x9d000000        0x0
 *crtbegin.o(.ctors)
 *crtbegin?.o(.ctors)
 *(EXCLUDE_FILE(*crtend?.o *crtend.o) .ctors)
 *(SORT(.ctors.*))
 *(.ctors)
                0x9d000000                . = ALIGN (0x4)

.dtors          0x9d000000        0x0
 *crtbegin.o(.dtors)
 *crtbegin?.o(.dtors)
 *(EXCLUDE_FILE(*crtend?.o *crtend.o) .dtors)
 *(SORT(.dtors.*))
 *(.dtors)
                0x9d000000                . = ALIGN (0x4)

.rodata         0x9d000000        0x0
 *(.gnu.linkonce.r.*)
 *(.rodata1)
                0x9d000000                . = ALIGN (0x4)

.sdata2         0x9fc00490        0x0
 *(.sdata2 .sdata2.* .gnu.linkonce.s2.*)
                0x9fc00490                . = ALIGN (0x4)

.sbss2          0x9fc00490        0x0
 *(.sbss2 .sbss2.* .gnu.linkonce.sb2.*)
                0x9fc00490                . = ALIGN (0x4)

.eh_frame_hdr
 *(.eh_frame_hdr)
                0x9fc00490                . = ALIGN (0x4)

.eh_frame
 *(.eh_frame)
                0x9fc00490                . = ALIGN (0x4)

.gcc_except_table
 *(.gcc_except_table .gcc_except_table.*)
                0x9fc00490                . = ALIGN (0x4)

.dbg_data       0xa0000000        0x0
                0xa0000000                . = (. + DEFINED (_DEBUGGER)?0x200:0x0)

.jcr            0xa0000000        0x0
 *(.jcr)
                0xa0000000                . = ALIGN (0x4)

.eh_frame
 *(.eh_frame)
                0xa0000000                . = ALIGN (0x4)

.gcc_except_table
 *(.gcc_except_table .gcc_except_table.*)
                0xa0000000                . = ALIGN (0x4)

.persist        0xa0000000        0x0
                0xa0000000                _persist_begin = .
 *(.persist .persist.*)
 *(.pbss .pbss.*)
                0xa0000000                . = ALIGN (0x4)
                0xa0000000                _persist_end = .

.data           0xa0000000        0x0
 *(.gnu.linkonce.d.*)
 *(.data1)
                0xa0000000                . = ALIGN (0x4)
                0xa0000000                . = .
                0xa0007ff0                _gp = (ALIGN (0x10) + 0x7ff0)

.got            0xa0000000        0x0
 *(.got.plt)
 *(.got)
                0xa0000000                . = ALIGN (0x4)

.sdata          0xa0000000       0x24
                0xa0000000                _sdata_begin = .
 *(.sdata .sdata.* .gnu.linkonce.s.*)
 .sdata         0xa0000000        0xc build/default/production/DAC_V1.1.o
                0xa0000000                pwm_period
                0xa0000004                pwm_on_time
                0xa0000008                controller_period
 .sdata         0xa000000c       0x10 build/default/production/main_ndf.o
                0xa000000c                NSAMPLES
                0xa0000010                buffer_control
                0xa0000014                filter_1
 .sdata         0xa000001c        0x4 c:/program files (x86)/microchip/xc32/v2.30/bin/bin/../../lib/gcc/pic32mx/4.8.3/../../../../pic32mx/lib\liblega-c.a(_iobdata.o)
                0xa000001c                _libc_data
 .sdata         0xa0000020        0x4 c:/program files (x86)/microchip/xc32/v2.30/bin/bin/../../lib/gcc/pic32mx/4.8.3/../../../../pic32mx/lib\libpic32.a(xc32_uart.o)
                0xa0000020                __XC_UART
                0xa0000024                . = ALIGN (0x4)
                0xa0000024                _sdata_end = .

.lit8
 *(.lit8)

.lit4
 *(.lit4)
                0xa0000024                . = ALIGN (0x4)
                0xa0000024                _data_end = .
                0xa0000024                _bss_begin = .

.sbss           0xa0000024       0x50
                0xa0000024                _sbss_begin = .
 *(.dynsbss)
 *(.sbss .sbss.* .gnu.linkonce.sb.*)
 .sbss          0xa0000024       0x34 build/default/production/main_ndf.o
                0xa0000024                sent
                0xa0000028                print
                0xa000002c                ADC_Data2
                0xa0000030                ADC_New2
                0xa0000034                ADC_Data3
                0xa0000038                ADC_New3
                0xa000003c                ADC_Data4
                0xa0000040                ADC_New4
                0xa0000044                elect_type
                0xa0000048                count_send
                0xa000004c                k
                0xa0000050                count
                0xa0000054                print_control
 .sbss          0xa0000058        0x4 c:/program files (x86)/microchip/xc32/v2.30/bin/bin/../../lib/gcc/pic32mx/4.8.3/../../../../pic32mx/lib\liblega-c.a(errno.o)
                0xa0000058                errno
 *(.scommon)
 .scommon       0xa000005c       0x18 build/default/production/main_ndf.o
                0xa000005c                out_data1
                0xa0000060                output
                0xa0000064                Acc_Data
                0xa0000068                out_data
                0xa000006a                showme
                0xa000006c                float_out
                0xa0000070                ADC_Data
                0xa0000074                _sbss_end = .
                0xa0000074                . = ALIGN (0x4)

.bss            0xa0000074     0x5638
 *(.dynbss)
 *(COMMON)
 COMMON         0xa0000074     0x5638 build/default/production/main_ndf.o
                0xa0000074                Test
                0xa00026bc                FIFO
                0xa0004d04                channel
                0xa0005698                moving_average
                0xa00056ac                . = ALIGN ((. != 0x0)?0x4:0x1)
                0xa00056ac                . = ALIGN (0x4)
                0xa00056ac                _end = .
                0xa00056ac                _bss_end = .
                0x00008000                _bmxdudba_address = 0x8000
                0x00008000                _bmxdupba_address = 0x8000

/DISCARD/
 *(.pdr)
 *(.rel.dyn)
 *(.note.GNU-stack)
 *(.note.GNU-stack)
 *(.gnu_debuglink)
 *(.gnu.lto_*)
 *(.discard)

.gptab.sdata
 *(.gptab.data)
 *(.gptab.sdata)

.gptab.sbss
 *(.gptab.bss)
 *(.gptab.sbss)

.mdebug.abi32   0xa00056ac        0x0
 *(.mdebug.abi32)
 .mdebug.abi32  0xa00056ac        0x0 build/default/production/Pic32_delay_V1.1.o
 .mdebug.abi32  0xa00056ac        0x0 build/default/production/ADC_V1.1.o
 .mdebug.abi32  0xa00056ac        0x0 build/default/production/DAC_V1.1.o
 .mdebug.abi32  0xa00056ac        0x0 build/default/production/Uart_Print_V1.1.o
 .mdebug.abi32  0xa00056ac        0x0 build/default/production/ndf.o
 .mdebug.abi32  0xa00056ac        0x0 build/default/production/Lpfilter.o
 .mdebug.abi32  0xa00056ac        0x0 build/default/production/main_ndf.o
 .mdebug.abi32  0xa00056ac        0x0 c:/program files (x86)/microchip/xc32/v2.30/bin/bin/../../lib/gcc/pic32mx/4.8.3/../../../../pic32mx/lib\libmchp_peripheral_32MX250F128B.a(int_disable_interrupts_lib.o)
 .mdebug.abi32  0xa00056ac        0x0 c:/program files (x86)/microchip/xc32/v2.30/bin/bin/../../lib/gcc/pic32mx/4.8.3/../../../../pic32mx/lib\libmchp_peripheral_32MX250F128B.a(int_restore_interrupts_lib.o)
 .mdebug.abi32  0xa00056ac        0x0 c:/program files (x86)/microchip/xc32/v2.30/bin/bin/../../lib/gcc/pic32mx/4.8.3/../../../../pic32mx/lib\libmchp_peripheral_32MX250F128B.a(int_enable_mv_int_lib.o)
 .mdebug.abi32  0xa00056ac        0x0 c:/program files (x86)/microchip/xc32/v2.30/bin/bin/../../lib/gcc/pic32mx/4.8.3/../../../../pic32mx/lib\libmchp_peripheral_32MX250F128B.a(dma_chn_set_ev_enable_flags_lib.o)
 .mdebug.abi32  0xa00056ac        0x0 c:/program files (x86)/microchip/xc32/v2.30/bin/bin/../../lib/gcc/pic32mx/4.8.3/../../../../pic32mx/lib\libmchp_peripheral_32MX250F128B.a(dma_chn_open_lib.o)
 .mdebug.abi32  0xa00056ac        0x0 c:/program files (x86)/microchip/xc32/v2.30/bin/bin/../../lib/gcc/pic32mx/4.8.3/../../../../pic32mx/lib\libmchp_peripheral_32MX250F128B.a(dma_chn_enable_lib.o)
 .mdebug.abi32  0xa00056ac        0x0 c:/program files (x86)/microchip/xc32/v2.30/bin/bin/../../lib/gcc/pic32mx/4.8.3/../../../../pic32mx/lib\libmchp_peripheral_32MX250F128B.a(dma_chn_write_event_control_flags_lib.o)
 .mdebug.abi32  0xa00056ac        0x0 c:/program files (x86)/microchip/xc32/v2.30/bin/bin/../../lib/gcc/pic32mx/4.8.3/../../../../pic32mx/lib\libmchp_peripheral_32MX250F128B.a(dma_chn_set_match_pattern_lib.o)
 .mdebug.abi32  0xa00056ac        0x0 c:/program files (x86)/microchip/xc32/v2.30/bin/bin/../../lib/gcc/pic32mx/4.8.3/../../../../pic32mx/lib\libmchp_peripheral_32MX250F128B.a(dma_chn_set_txfer_lib.o)
 .mdebug.abi32  0xa00056ac        0x0 c:/program files (x86)/microchip/xc32/v2.30/bin/bin/../../lib/gcc/pic32mx/4.8.3/../../../../pic32mx/lib\libmchp_peripheral_32MX250F128B.a(dma_reg_map_tbl_lib.o)
 .mdebug.abi32  0xa00056ac        0x0 c:/program files (x86)/microchip/xc32/v2.30/bin/bin/../../lib/gcc/pic32mx/4.8.3/../../../../pic32mx/lib\libmchp_peripheral_32MX250F128B.a(uart_lib.o)
 .mdebug.abi32  0xa00056ac        0x0 c:/program files (x86)/microchip/xc32/v2.30/bin/bin/../../lib/gcc/pic32mx/4.8.3/../../../../pic32mx/lib\libmchp_peripheral_32MX250F128B.a(int_enable_interrupts_lib.o)
 .mdebug.abi32  0xa00056ac        0x0 c:/program files (x86)/microchip/xc32/v2.30/bin/bin/../../lib/gcc/pic32mx/4.8.3/../../../../pic32mx/lib\libmchp_peripheral_32MX250F128B.a(int_tbl_lib.o)
 .mdebug.abi32  0xa00056ac        0x0 c:/program files (x86)/microchip/xc32/v2.30/bin/bin/../../lib/gcc/pic32mx/4.8.3\libgcc.a(floatunsisf.o)
 .mdebug.abi32  0xa00056ac        0x0 c:/program files (x86)/microchip/xc32/v2.30/bin/bin/../../lib/gcc/pic32mx/4.8.3/../../../../pic32mx/lib\libpic32.a(default-bootstrap-exception-handler.o)
 .mdebug.abi32  0xa00056ac        0x0 c:/program files (x86)/microchip/xc32/v2.30/bin/bin/../../lib/gcc/pic32mx/4.8.3/../../../../pic32mx/lib\libpic32.a(default-on-reset.o)
 .mdebug.abi32  0xa00056ac        0x0 c:/program files (x86)/microchip/xc32/v2.30/bin/bin/../../lib/gcc/pic32mx/4.8.3/../../../../pic32mx/lib\libpic32.a(default-on-bootstrap.o)
 .mdebug.abi32  0xa00056ac        0x0 c:/program files (x86)/microchip/xc32/v2.30/bin/bin/../../lib/gcc/pic32mx/4.8.3/../../../../pic32mx/lib\libpic32.a(default-general-exception-handler.o)
 .mdebug.abi32  0xa00056ac        0x0 c:/program files (x86)/microchip/xc32/v2.30/bin/bin/../../lib/gcc/pic32mx/4.8.3/../../../../pic32mx/lib\libpic32.a(defaultinterrupt.o)
 .mdebug.abi32  0xa00056ac        0x0 c:/program files (x86)/microchip/xc32/v2.30/bin/bin/../../lib/gcc/pic32mx/4.8.3/../../../../pic32mx/lib\liblega-c.a(sprintf_cdfFnopuxX.eo)
 .mdebug.abi32  0xa00056ac        0x0 c:/program files (x86)/microchip/xc32/v2.30/bin/bin/../../lib/gcc/pic32mx/4.8.3/../../../../pic32mx/lib\liblega-c.a(_doprnt_cdfFnopuxX.eo)
 .mdebug.abi32  0xa00056ac        0x0 c:/program files (x86)/microchip/xc32/v2.30/bin/bin/../../lib/gcc/pic32mx/4.8.3/../../../../pic32mx/lib\liblega-c.a(_iobdata.o)
 .mdebug.abi32  0xa00056ac        0x0 c:/program files (x86)/microchip/xc32/v2.30/bin/bin/../../lib/gcc/pic32mx/4.8.3/../../../../pic32mx/lib\liblega-c.a(_iobfuncs.o)
 .mdebug.abi32  0xa00056ac        0x0 c:/program files (x86)/microchip/xc32/v2.30/bin/bin/../../lib/gcc/pic32mx/4.8.3/../../../../pic32mx/lib\liblega-c.a(_iobstring.o)
 .mdebug.abi32  0xa00056ac        0x0 c:/program files (x86)/microchip/xc32/v2.30/bin/bin/../../lib/gcc/pic32mx/4.8.3/../../../../pic32mx/lib\liblega-c.a(fputc.o)
 .mdebug.abi32  0xa00056ac        0x0 c:/program files (x86)/microchip/xc32/v2.30/bin/bin/../../lib/gcc/pic32mx/4.8.3/../../../../pic32mx/lib\liblega-c.a(strlen.o)
 .mdebug.abi32  0xa00056ac        0x0 c:/program files (x86)/microchip/xc32/v2.30/bin/bin/../../lib/gcc/pic32mx/4.8.3/../../../../pic32mx/lib\liblega-c.a(errno.o)
 .mdebug.abi32  0xa00056ac        0x0 c:/program files (x86)/microchip/xc32/v2.30/bin/bin/../../lib/gcc/pic32mx/4.8.3\libgcc.a(_udivdi3.o)
 .mdebug.abi32  0xa00056ac        0x0 c:/program files (x86)/microchip/xc32/v2.30/bin/bin/../../lib/gcc/pic32mx/4.8.3\libgcc.a(_umoddi3.o)
 .mdebug.abi32  0xa00056ac        0x0 c:/program files (x86)/microchip/xc32/v2.30/bin/bin/../../lib/gcc/pic32mx/4.8.3/../../../../pic32mx/lib\libpic32.a(_mon_getc.o)
 .mdebug.abi32  0xa00056ac        0x0 c:/program files (x86)/microchip/xc32/v2.30/bin/bin/../../lib/gcc/pic32mx/4.8.3/../../../../pic32mx/lib\libpic32.a(_mon_write.o)
 .mdebug.abi32  0xa00056ac        0x0 c:/program files (x86)/microchip/xc32/v2.30/bin/bin/../../lib/gcc/pic32mx/4.8.3/../../../../pic32mx/lib\libpic32.a(xc32_uart.o)
 .mdebug.abi32  0xa00056ac        0x0 c:/program files (x86)/microchip/xc32/v2.30/bin/bin/../../lib/gcc/pic32mx/4.8.3/../../../../pic32mx/lib\libpic32.a(_mon_putc.o)

.mdebug.abiN32
 *(.mdebug.abiN32)

.mdebug.abi64
 *(.mdebug.abi64)

.mdebug.abiO64
 *(.mdebug.abiO64)

.mdebug.eabi32
 *(.mdebug.eabi32)

.mdebug.eabi64
 *(.mdebug.eabi64)

.gcc_compiled_long32
 *(.gcc_compiled_long32)

.gcc_compiled_long64
 *(.gcc_compiled_long64)

.stab
 *(.stab)

.stabstr
 *(.stabstr)

.stab.excl
 *(.stab.excl)

.stab.exclstr
 *(.stab.exclstr)

.stab.index
 *(.stab.index)

.stab.indexstr
 *(.stab.indexstr)

.comment        0x00000000      0x305
 *(.comment)
 .comment       0x00000000       0x3c build/default/production/Pic32_delay_V1.1.o
                                 0x3d (size before relaxing)
 .comment       0x00000000       0x3d build/default/production/ADC_V1.1.o
 .comment       0x00000000       0x3d build/default/production/DAC_V1.1.o
 .comment       0x00000000       0x3d build/default/production/Uart_Print_V1.1.o
 .comment       0x00000000       0x3d build/default/production/ndf.o
 .comment       0x00000000       0x3d build/default/production/Lpfilter.o
 .comment       0x00000000       0x3d build/default/production/main_ndf.o
 .comment       0x0000003c       0x3c c:/program files (x86)/microchip/xc32/v2.30/bin/bin/../../lib/gcc/pic32mx/4.8.3/../../../../pic32mx/lib\libmchp_peripheral_32MX250F128B.a(int_disable_interrupts_lib.o)
                                 0x3d (size before relaxing)
 .comment       0x00000000       0x3d c:/program files (x86)/microchip/xc32/v2.30/bin/bin/../../lib/gcc/pic32mx/4.8.3/../../../../pic32mx/lib\libmchp_peripheral_32MX250F128B.a(int_restore_interrupts_lib.o)
 .comment       0x00000000       0x3d c:/program files (x86)/microchip/xc32/v2.30/bin/bin/../../lib/gcc/pic32mx/4.8.3/../../../../pic32mx/lib\libmchp_peripheral_32MX250F128B.a(int_enable_mv_int_lib.o)
 .comment       0x00000000       0x3d c:/program files (x86)/microchip/xc32/v2.30/bin/bin/../../lib/gcc/pic32mx/4.8.3/../../../../pic32mx/lib\libmchp_peripheral_32MX250F128B.a(dma_chn_set_ev_enable_flags_lib.o)
 .comment       0x00000000       0x3d c:/program files (x86)/microchip/xc32/v2.30/bin/bin/../../lib/gcc/pic32mx/4.8.3/../../../../pic32mx/lib\libmchp_peripheral_32MX250F128B.a(dma_chn_open_lib.o)
 .comment       0x00000000       0x3d c:/program files (x86)/microchip/xc32/v2.30/bin/bin/../../lib/gcc/pic32mx/4.8.3/../../../../pic32mx/lib\libmchp_peripheral_32MX250F128B.a(dma_chn_enable_lib.o)
 .comment       0x00000000       0x3d c:/program files (x86)/microchip/xc32/v2.30/bin/bin/../../lib/gcc/pic32mx/4.8.3/../../../../pic32mx/lib\libmchp_peripheral_32MX250F128B.a(dma_chn_write_event_control_flags_lib.o)
 .comment       0x00000000       0x3d c:/program files (x86)/microchip/xc32/v2.30/bin/bin/../../lib/gcc/pic32mx/4.8.3/../../../../pic32mx/lib\libmchp_peripheral_32MX250F128B.a(dma_chn_set_match_pattern_lib.o)
 .comment       0x00000000       0x3d c:/program files (x86)/microchip/xc32/v2.30/bin/bin/../../lib/gcc/pic32mx/4.8.3/../../../../pic32mx/lib\libmchp_peripheral_32MX250F128B.a(dma_chn_set_txfer_lib.o)
 .comment       0x00000000       0x3d c:/program files (x86)/microchip/xc32/v2.30/bin/bin/../../lib/gcc/pic32mx/4.8.3/../../../../pic32mx/lib\libmchp_peripheral_32MX250F128B.a(dma_reg_map_tbl_lib.o)
 .comment       0x00000000       0x3d c:/program files (x86)/microchip/xc32/v2.30/bin/bin/../../lib/gcc/pic32mx/4.8.3/../../../../pic32mx/lib\libmchp_peripheral_32MX250F128B.a(uart_lib.o)
 .comment       0x00000000       0x3d c:/program files (x86)/microchip/xc32/v2.30/bin/bin/../../lib/gcc/pic32mx/4.8.3/../../../../pic32mx/lib\libmchp_peripheral_32MX250F128B.a(int_enable_interrupts_lib.o)
 .comment       0x00000000       0x3d c:/program files (x86)/microchip/xc32/v2.30/bin/bin/../../lib/gcc/pic32mx/4.8.3/../../../../pic32mx/lib\libmchp_peripheral_32MX250F128B.a(int_tbl_lib.o)
 .comment       0x00000000       0x3d c:/program files (x86)/microchip/xc32/v2.30/bin/bin/../../lib/gcc/pic32mx/4.8.3\libgcc.a(floatunsisf.o)
 .comment       0x00000000       0x3d c:/program files (x86)/microchip/xc32/v2.30/bin/bin/../../lib/gcc/pic32mx/4.8.3/../../../../pic32mx/lib\libpic32.a(default-bootstrap-exception-handler.o)
 .comment       0x00000000       0x3d c:/program files (x86)/microchip/xc32/v2.30/bin/bin/../../lib/gcc/pic32mx/4.8.3/../../../../pic32mx/lib\libpic32.a(default-on-reset.o)
 .comment       0x00000000       0x3d c:/program files (x86)/microchip/xc32/v2.30/bin/bin/../../lib/gcc/pic32mx/4.8.3/../../../../pic32mx/lib\libpic32.a(default-on-bootstrap.o)
 .comment       0x00000000       0x3d c:/program files (x86)/microchip/xc32/v2.30/bin/bin/../../lib/gcc/pic32mx/4.8.3/../../../../pic32mx/lib\libpic32.a(default-general-exception-handler.o)
 .comment       0x00000000       0x3d c:/program files (x86)/microchip/xc32/v2.30/bin/bin/../../lib/gcc/pic32mx/4.8.3/../../../../pic32mx/lib\libpic32.a(defaultinterrupt.o)
 .comment       0x00000078       0x52 c:/program files (x86)/microchip/xc32/v2.30/bin/bin/../../lib/gcc/pic32mx/4.8.3/../../../../pic32mx/lib\liblega-c.a(sprintf_cdfFnopuxX.eo)
                                 0x8f (size before relaxing)
 .comment       0x000000ca       0x52 c:/program files (x86)/microchip/xc32/v2.30/bin/bin/../../lib/gcc/pic32mx/4.8.3/../../../../pic32mx/lib\liblega-c.a(_doprnt_cdfFnopuxX.eo)
                                 0x8f (size before relaxing)
 .comment       0x0000011c       0x53 c:/program files (x86)/microchip/xc32/v2.30/bin/bin/../../lib/gcc/pic32mx/4.8.3/../../../../pic32mx/lib\liblega-c.a(_iobdata.o)
                                 0x90 (size before relaxing)
 .comment       0x0000016f       0x54 c:/program files (x86)/microchip/xc32/v2.30/bin/bin/../../lib/gcc/pic32mx/4.8.3/../../../../pic32mx/lib\liblega-c.a(_iobfuncs.o)
                                 0x91 (size before relaxing)
 .comment       0x000001c3       0x55 c:/program files (x86)/microchip/xc32/v2.30/bin/bin/../../lib/gcc/pic32mx/4.8.3/../../../../pic32mx/lib\liblega-c.a(_iobstring.o)
                                 0x92 (size before relaxing)
 .comment       0x00000218       0x50 c:/program files (x86)/microchip/xc32/v2.30/bin/bin/../../lib/gcc/pic32mx/4.8.3/../../../../pic32mx/lib\liblega-c.a(fputc.o)
                                 0x8d (size before relaxing)
 .comment       0x00000268       0x4f c:/program files (x86)/microchip/xc32/v2.30/bin/bin/../../lib/gcc/pic32mx/4.8.3/../../../../pic32mx/lib\liblega-c.a(strlen.o)
                                 0x8c (size before relaxing)
 .comment       0x000002b7       0x4e c:/program files (x86)/microchip/xc32/v2.30/bin/bin/../../lib/gcc/pic32mx/4.8.3/../../../../pic32mx/lib\liblega-c.a(errno.o)
                                 0x8b (size before relaxing)
 .comment       0x00000000       0x3d c:/program files (x86)/microchip/xc32/v2.30/bin/bin/../../lib/gcc/pic32mx/4.8.3\libgcc.a(_udivdi3.o)
 .comment       0x00000000       0x3d c:/program files (x86)/microchip/xc32/v2.30/bin/bin/../../lib/gcc/pic32mx/4.8.3\libgcc.a(_umoddi3.o)
 .comment       0x00000000       0x3d c:/program files (x86)/microchip/xc32/v2.30/bin/bin/../../lib/gcc/pic32mx/4.8.3/../../../../pic32mx/lib\libpic32.a(_mon_getc.o)
 .comment       0x00000000       0x3d c:/program files (x86)/microchip/xc32/v2.30/bin/bin/../../lib/gcc/pic32mx/4.8.3/../../../../pic32mx/lib\libpic32.a(_mon_write.o)
 .comment       0x00000000       0x3d c:/program files (x86)/microchip/xc32/v2.30/bin/bin/../../lib/gcc/pic32mx/4.8.3/../../../../pic32mx/lib\libpic32.a(xc32_uart.o)
 .comment       0x00000000       0x3d c:/program files (x86)/microchip/xc32/v2.30/bin/bin/../../lib/gcc/pic32mx/4.8.3/../../../../pic32mx/lib\libpic32.a(_mon_putc.o)

.debug
 *(.debug)

.line
 *(.line)

.debug_srcinfo
 *(.debug_srcinfo)

.debug_sfnames
 *(.debug_sfnames)

.debug_aranges  0x00000000      0x438
 *(.debug_aranges)
 .debug_aranges
                0x00000000       0x20 build/default/production/Pic32_delay_V1.1.o
 .debug_aranges
                0x00000020       0x20 build/default/production/ADC_V1.1.o
 .debug_aranges
                0x00000040       0x20 build/default/production/DAC_V1.1.o
 .debug_aranges
                0x00000060       0x20 build/default/production/Uart_Print_V1.1.o
 .debug_aranges
                0x00000080       0x20 build/default/production/ndf.o
 .debug_aranges
                0x000000a0       0x20 build/default/production/Lpfilter.o
 .debug_aranges
                0x000000c0       0x20 build/default/production/main_ndf.o
 .debug_aranges
                0x000000e0       0x20 c:/program files (x86)/microchip/xc32/v2.30/bin/bin/../../lib/gcc/pic32mx/4.8.3/../../../../pic32mx/lib\libmchp_peripheral_32MX250F128B.a(int_disable_interrupts_lib.o)
 .debug_aranges
                0x00000100       0x20 c:/program files (x86)/microchip/xc32/v2.30/bin/bin/../../lib/gcc/pic32mx/4.8.3/../../../../pic32mx/lib\libmchp_peripheral_32MX250F128B.a(int_restore_interrupts_lib.o)
 .debug_aranges
                0x00000120       0x20 c:/program files (x86)/microchip/xc32/v2.30/bin/bin/../../lib/gcc/pic32mx/4.8.3/../../../../pic32mx/lib\libmchp_peripheral_32MX250F128B.a(int_enable_mv_int_lib.o)
 .debug_aranges
                0x00000140       0x20 c:/program files (x86)/microchip/xc32/v2.30/bin/bin/../../lib/gcc/pic32mx/4.8.3/../../../../pic32mx/lib\libmchp_peripheral_32MX250F128B.a(dma_chn_set_ev_enable_flags_lib.o)
 .debug_aranges
                0x00000160       0x20 c:/program files (x86)/microchip/xc32/v2.30/bin/bin/../../lib/gcc/pic32mx/4.8.3/../../../../pic32mx/lib\libmchp_peripheral_32MX250F128B.a(dma_chn_open_lib.o)
 .debug_aranges
                0x00000180       0x20 c:/program files (x86)/microchip/xc32/v2.30/bin/bin/../../lib/gcc/pic32mx/4.8.3/../../../../pic32mx/lib\libmchp_peripheral_32MX250F128B.a(dma_chn_enable_lib.o)
 .debug_aranges
                0x000001a0       0x20 c:/program files (x86)/microchip/xc32/v2.30/bin/bin/../../lib/gcc/pic32mx/4.8.3/../../../../pic32mx/lib\libmchp_peripheral_32MX250F128B.a(dma_chn_write_event_control_flags_lib.o)
 .debug_aranges
                0x000001c0       0x20 c:/program files (x86)/microchip/xc32/v2.30/bin/bin/../../lib/gcc/pic32mx/4.8.3/../../../../pic32mx/lib\libmchp_peripheral_32MX250F128B.a(dma_chn_set_match_pattern_lib.o)
 .debug_aranges
                0x000001e0       0x20 c:/program files (x86)/microchip/xc32/v2.30/bin/bin/../../lib/gcc/pic32mx/4.8.3/../../../../pic32mx/lib\libmchp_peripheral_32MX250F128B.a(dma_chn_set_txfer_lib.o)
 .debug_aranges
                0x00000200       0x58 c:/program files (x86)/microchip/xc32/v2.30/bin/bin/../../lib/gcc/pic32mx/4.8.3/../../../../pic32mx/lib\libmchp_peripheral_32MX250F128B.a(uart_lib.o)
 .debug_aranges
                0x00000258       0x20 c:/program files (x86)/microchip/xc32/v2.30/bin/bin/../../lib/gcc/pic32mx/4.8.3/../../../../pic32mx/lib\libmchp_peripheral_32MX250F128B.a(int_enable_interrupts_lib.o)
 .debug_aranges
                0x00000278       0x60 c:/program files (x86)/microchip/xc32/v2.30/bin/bin/../../lib/gcc/pic32mx/4.8.3/../../../../pic32mx/lib\libmchp_peripheral_32MX250F128B.a(int_tbl_lib.o)
 .debug_aranges
                0x000002d8       0x20 c:/program files (x86)/microchip/xc32/v2.30/bin/bin/../../lib/gcc/pic32mx/4.8.3\libgcc.a(floatunsisf.o)
 .debug_aranges
                0x000002f8       0x20 c:/program files (x86)/microchip/xc32/v2.30/bin/bin/../../lib/gcc/pic32mx/4.8.3/../../../../pic32mx/lib\libpic32.a(default-bootstrap-exception-handler.o)
 .debug_aranges
                0x00000318       0x20 c:/program files (x86)/microchip/xc32/v2.30/bin/bin/../../lib/gcc/pic32mx/4.8.3/../../../../pic32mx/lib\libpic32.a(default-on-reset.o)
 .debug_aranges
                0x00000338       0x20 c:/program files (x86)/microchip/xc32/v2.30/bin/bin/../../lib/gcc/pic32mx/4.8.3/../../../../pic32mx/lib\libpic32.a(default-on-bootstrap.o)
 .debug_aranges
                0x00000358       0x20 c:/program files (x86)/microchip/xc32/v2.30/bin/bin/../../lib/gcc/pic32mx/4.8.3/../../../../pic32mx/lib\libpic32.a(default-general-exception-handler.o)
 .debug_aranges
                0x00000378       0x20 c:/program files (x86)/microchip/xc32/v2.30/bin/bin/../../lib/gcc/pic32mx/4.8.3/../../../../pic32mx/lib\libpic32.a(defaultinterrupt.o)
 .debug_aranges
                0x00000398       0x20 c:/program files (x86)/microchip/xc32/v2.30/bin/bin/../../lib/gcc/pic32mx/4.8.3\libgcc.a(_udivdi3.o)
 .debug_aranges
                0x000003b8       0x20 c:/program files (x86)/microchip/xc32/v2.30/bin/bin/../../lib/gcc/pic32mx/4.8.3\libgcc.a(_umoddi3.o)
 .debug_aranges
                0x000003d8       0x20 c:/program files (x86)/microchip/xc32/v2.30/bin/bin/../../lib/gcc/pic32mx/4.8.3/../../../../pic32mx/lib\libpic32.a(_mon_getc.o)
 .debug_aranges
                0x000003f8       0x20 c:/program files (x86)/microchip/xc32/v2.30/bin/bin/../../lib/gcc/pic32mx/4.8.3/../../../../pic32mx/lib\libpic32.a(_mon_write.o)
 .debug_aranges
                0x00000418       0x20 c:/program files (x86)/microchip/xc32/v2.30/bin/bin/../../lib/gcc/pic32mx/4.8.3/../../../../pic32mx/lib\libpic32.a(_mon_putc.o)

.debug_pubnames
 *(.debug_pubnames)

.debug_info     0x00000000     0x9116
 *(.debug_info .gnu.linkonce.wi.*)
 .debug_info    0x00000000      0xf55 build/default/production/Pic32_delay_V1.1.o
 .debug_info    0x00000f55     0x1617 build/default/production/ADC_V1.1.o
 .debug_info    0x0000256c     0x12ff build/default/production/DAC_V1.1.o
 .debug_info    0x0000386b     0x199d build/default/production/Uart_Print_V1.1.o
 .debug_info    0x00005208      0x33c build/default/production/ndf.o
 .debug_info    0x00005544      0x375 build/default/production/Lpfilter.o
 .debug_info    0x000058b9     0x1768 build/default/production/main_ndf.o
 .debug_info    0x00007021       0xb4 c:/program files (x86)/microchip/xc32/v2.30/bin/bin/../../lib/gcc/pic32mx/4.8.3/../../../../pic32mx/lib\libmchp_peripheral_32MX250F128B.a(int_disable_interrupts_lib.o)
 .debug_info    0x000070d5       0xb4 c:/program files (x86)/microchip/xc32/v2.30/bin/bin/../../lib/gcc/pic32mx/4.8.3/../../../../pic32mx/lib\libmchp_peripheral_32MX250F128B.a(int_restore_interrupts_lib.o)
 .debug_info    0x00007189       0xba c:/program files (x86)/microchip/xc32/v2.30/bin/bin/../../lib/gcc/pic32mx/4.8.3/../../../../pic32mx/lib\libmchp_peripheral_32MX250F128B.a(int_enable_mv_int_lib.o)
 .debug_info    0x00007243       0xbb c:/program files (x86)/microchip/xc32/v2.30/bin/bin/../../lib/gcc/pic32mx/4.8.3/../../../../pic32mx/lib\libmchp_peripheral_32MX250F128B.a(dma_chn_set_ev_enable_flags_lib.o)
 .debug_info    0x000072fe       0xb3 c:/program files (x86)/microchip/xc32/v2.30/bin/bin/../../lib/gcc/pic32mx/4.8.3/../../../../pic32mx/lib\libmchp_peripheral_32MX250F128B.a(dma_chn_open_lib.o)
 .debug_info    0x000073b1       0xa4 c:/program files (x86)/microchip/xc32/v2.30/bin/bin/../../lib/gcc/pic32mx/4.8.3/../../../../pic32mx/lib\libmchp_peripheral_32MX250F128B.a(dma_chn_enable_lib.o)
 .debug_info    0x00007455       0xc7 c:/program files (x86)/microchip/xc32/v2.30/bin/bin/../../lib/gcc/pic32mx/4.8.3/../../../../pic32mx/lib\libmchp_peripheral_32MX250F128B.a(dma_chn_write_event_control_flags_lib.o)
 .debug_info    0x0000751c       0xb8 c:/program files (x86)/microchip/xc32/v2.30/bin/bin/../../lib/gcc/pic32mx/4.8.3/../../../../pic32mx/lib\libmchp_peripheral_32MX250F128B.a(dma_chn_set_match_pattern_lib.o)
 .debug_info    0x000075d4       0xba c:/program files (x86)/microchip/xc32/v2.30/bin/bin/../../lib/gcc/pic32mx/4.8.3/../../../../pic32mx/lib\libmchp_peripheral_32MX250F128B.a(dma_chn_set_txfer_lib.o)
 .debug_info    0x0000768e      0x17a c:/program files (x86)/microchip/xc32/v2.30/bin/bin/../../lib/gcc/pic32mx/4.8.3/../../../../pic32mx/lib\libmchp_peripheral_32MX250F128B.a(uart_lib.o)
 .debug_info    0x00007808       0xb2 c:/program files (x86)/microchip/xc32/v2.30/bin/bin/../../lib/gcc/pic32mx/4.8.3/../../../../pic32mx/lib\libmchp_peripheral_32MX250F128B.a(int_enable_interrupts_lib.o)
 .debug_info    0x000078ba      0x19c c:/program files (x86)/microchip/xc32/v2.30/bin/bin/../../lib/gcc/pic32mx/4.8.3/../../../../pic32mx/lib\libmchp_peripheral_32MX250F128B.a(int_tbl_lib.o)
 .debug_info    0x00007a56      0x129 c:/program files (x86)/microchip/xc32/v2.30/bin/bin/../../lib/gcc/pic32mx/4.8.3\libgcc.a(floatunsisf.o)
 .debug_info    0x00007b7f       0xf4 c:/program files (x86)/microchip/xc32/v2.30/bin/bin/../../lib/gcc/pic32mx/4.8.3/../../../../pic32mx/lib\libpic32.a(default-bootstrap-exception-handler.o)
 .debug_info    0x00007c73       0xcd c:/program files (x86)/microchip/xc32/v2.30/bin/bin/../../lib/gcc/pic32mx/4.8.3/../../../../pic32mx/lib\libpic32.a(default-on-reset.o)
 .debug_info    0x00007d40       0xd5 c:/program files (x86)/microchip/xc32/v2.30/bin/bin/../../lib/gcc/pic32mx/4.8.3/../../../../pic32mx/lib\libpic32.a(default-on-bootstrap.o)
 .debug_info    0x00007e15       0xf0 c:/program files (x86)/microchip/xc32/v2.30/bin/bin/../../lib/gcc/pic32mx/4.8.3/../../../../pic32mx/lib\libpic32.a(default-general-exception-handler.o)
 .debug_info    0x00007f05       0xe7 c:/program files (x86)/microchip/xc32/v2.30/bin/bin/../../lib/gcc/pic32mx/4.8.3/../../../../pic32mx/lib\libpic32.a(defaultinterrupt.o)
 .debug_info    0x00007fec      0x74b c:/program files (x86)/microchip/xc32/v2.30/bin/bin/../../lib/gcc/pic32mx/4.8.3\libgcc.a(_udivdi3.o)
 .debug_info    0x00008737      0x788 c:/program files (x86)/microchip/xc32/v2.30/bin/bin/../../lib/gcc/pic32mx/4.8.3\libgcc.a(_umoddi3.o)
 .debug_info    0x00008ebf       0xc7 c:/program files (x86)/microchip/xc32/v2.30/bin/bin/../../lib/gcc/pic32mx/4.8.3/../../../../pic32mx/lib\libpic32.a(_mon_getc.o)
 .debug_info    0x00008f86       0xc9 c:/program files (x86)/microchip/xc32/v2.30/bin/bin/../../lib/gcc/pic32mx/4.8.3/../../../../pic32mx/lib\libpic32.a(_mon_write.o)
 .debug_info    0x0000904f       0xc7 c:/program files (x86)/microchip/xc32/v2.30/bin/bin/../../lib/gcc/pic32mx/4.8.3/../../../../pic32mx/lib\libpic32.a(_mon_putc.o)

.debug_abbrev   0x00000000     0x122e
 *(.debug_abbrev)
 .debug_abbrev  0x00000000      0x15d build/default/production/Pic32_delay_V1.1.o
 .debug_abbrev  0x0000015d      0x206 build/default/production/ADC_V1.1.o
 .debug_abbrev  0x00000363      0x1b3 build/default/production/DAC_V1.1.o
 .debug_abbrev  0x00000516      0x248 build/default/production/Uart_Print_V1.1.o
 .debug_abbrev  0x0000075e       0xbd build/default/production/ndf.o
 .debug_abbrev  0x0000081b       0xe7 build/default/production/Lpfilter.o
 .debug_abbrev  0x00000902      0x2f7 build/default/production/main_ndf.o
 .debug_abbrev  0x00000bf9       0x28 c:/program files (x86)/microchip/xc32/v2.30/bin/bin/../../lib/gcc/pic32mx/4.8.3/../../../../pic32mx/lib\libmchp_peripheral_32MX250F128B.a(int_disable_interrupts_lib.o)
 .debug_abbrev  0x00000c21       0x28 c:/program files (x86)/microchip/xc32/v2.30/bin/bin/../../lib/gcc/pic32mx/4.8.3/../../../../pic32mx/lib\libmchp_peripheral_32MX250F128B.a(int_restore_interrupts_lib.o)
 .debug_abbrev  0x00000c49       0x28 c:/program files (x86)/microchip/xc32/v2.30/bin/bin/../../lib/gcc/pic32mx/4.8.3/../../../../pic32mx/lib\libmchp_peripheral_32MX250F128B.a(int_enable_mv_int_lib.o)
 .debug_abbrev  0x00000c71       0x28 c:/program files (x86)/microchip/xc32/v2.30/bin/bin/../../lib/gcc/pic32mx/4.8.3/../../../../pic32mx/lib\libmchp_peripheral_32MX250F128B.a(dma_chn_set_ev_enable_flags_lib.o)
 .debug_abbrev  0x00000c99       0x37 c:/program files (x86)/microchip/xc32/v2.30/bin/bin/../../lib/gcc/pic32mx/4.8.3/../../../../pic32mx/lib\libmchp_peripheral_32MX250F128B.a(dma_chn_open_lib.o)
 .debug_abbrev  0x00000cd0       0x28 c:/program files (x86)/microchip/xc32/v2.30/bin/bin/../../lib/gcc/pic32mx/4.8.3/../../../../pic32mx/lib\libmchp_peripheral_32MX250F128B.a(dma_chn_enable_lib.o)
 .debug_abbrev  0x00000cf8       0x28 c:/program files (x86)/microchip/xc32/v2.30/bin/bin/../../lib/gcc/pic32mx/4.8.3/../../../../pic32mx/lib\libmchp_peripheral_32MX250F128B.a(dma_chn_write_event_control_flags_lib.o)
 .debug_abbrev  0x00000d20       0x28 c:/program files (x86)/microchip/xc32/v2.30/bin/bin/../../lib/gcc/pic32mx/4.8.3/../../../../pic32mx/lib\libmchp_peripheral_32MX250F128B.a(dma_chn_set_match_pattern_lib.o)
 .debug_abbrev  0x00000d48       0x37 c:/program files (x86)/microchip/xc32/v2.30/bin/bin/../../lib/gcc/pic32mx/4.8.3/../../../../pic32mx/lib\libmchp_peripheral_32MX250F128B.a(dma_chn_set_txfer_lib.o)
 .debug_abbrev  0x00000d7f       0x3e c:/program files (x86)/microchip/xc32/v2.30/bin/bin/../../lib/gcc/pic32mx/4.8.3/../../../../pic32mx/lib\libmchp_peripheral_32MX250F128B.a(uart_lib.o)
 .debug_abbrev  0x00000dbd       0x28 c:/program files (x86)/microchip/xc32/v2.30/bin/bin/../../lib/gcc/pic32mx/4.8.3/../../../../pic32mx/lib\libmchp_peripheral_32MX250F128B.a(int_enable_interrupts_lib.o)
 .debug_abbrev  0x00000de5       0x28 c:/program files (x86)/microchip/xc32/v2.30/bin/bin/../../lib/gcc/pic32mx/4.8.3/../../../../pic32mx/lib\libmchp_peripheral_32MX250F128B.a(int_tbl_lib.o)
 .debug_abbrev  0x00000e0d       0x62 c:/program files (x86)/microchip/xc32/v2.30/bin/bin/../../lib/gcc/pic32mx/4.8.3\libgcc.a(floatunsisf.o)
 .debug_abbrev  0x00000e6f       0x28 c:/program files (x86)/microchip/xc32/v2.30/bin/bin/../../lib/gcc/pic32mx/4.8.3/../../../../pic32mx/lib\libpic32.a(default-bootstrap-exception-handler.o)
 .debug_abbrev  0x00000e97       0x28 c:/program files (x86)/microchip/xc32/v2.30/bin/bin/../../lib/gcc/pic32mx/4.8.3/../../../../pic32mx/lib\libpic32.a(default-on-reset.o)
 .debug_abbrev  0x00000ebf       0x28 c:/program files (x86)/microchip/xc32/v2.30/bin/bin/../../lib/gcc/pic32mx/4.8.3/../../../../pic32mx/lib\libpic32.a(default-on-bootstrap.o)
 .debug_abbrev  0x00000ee7       0x28 c:/program files (x86)/microchip/xc32/v2.30/bin/bin/../../lib/gcc/pic32mx/4.8.3/../../../../pic32mx/lib\libpic32.a(default-general-exception-handler.o)
 .debug_abbrev  0x00000f0f       0x28 c:/program files (x86)/microchip/xc32/v2.30/bin/bin/../../lib/gcc/pic32mx/4.8.3/../../../../pic32mx/lib\libpic32.a(defaultinterrupt.o)
 .debug_abbrev  0x00000f37      0x138 c:/program files (x86)/microchip/xc32/v2.30/bin/bin/../../lib/gcc/pic32mx/4.8.3\libgcc.a(_udivdi3.o)
 .debug_abbrev  0x0000106f      0x147 c:/program files (x86)/microchip/xc32/v2.30/bin/bin/../../lib/gcc/pic32mx/4.8.3\libgcc.a(_umoddi3.o)
 .debug_abbrev  0x000011b6       0x28 c:/program files (x86)/microchip/xc32/v2.30/bin/bin/../../lib/gcc/pic32mx/4.8.3/../../../../pic32mx/lib\libpic32.a(_mon_getc.o)
 .debug_abbrev  0x000011de       0x28 c:/program files (x86)/microchip/xc32/v2.30/bin/bin/../../lib/gcc/pic32mx/4.8.3/../../../../pic32mx/lib\libpic32.a(_mon_write.o)
 .debug_abbrev  0x00001206       0x28 c:/program files (x86)/microchip/xc32/v2.30/bin/bin/../../lib/gcc/pic32mx/4.8.3/../../../../pic32mx/lib\libpic32.a(_mon_putc.o)

.debug_line     0x00000000     0x1b91
 *(.debug_line)
 .debug_line    0x00000000      0x231 build/default/production/Pic32_delay_V1.1.o
 .debug_line    0x00000231      0x2b0 build/default/production/ADC_V1.1.o
 .debug_line    0x000004e1      0x235 build/default/production/DAC_V1.1.o
 .debug_line    0x00000716      0x2ef build/default/production/Uart_Print_V1.1.o
 .debug_line    0x00000a05       0xb4 build/default/production/ndf.o
 .debug_line    0x00000ab9      0x118 build/default/production/Lpfilter.o
 .debug_line    0x00000bd1      0x334 build/default/production/main_ndf.o
 .debug_line    0x00000f05       0x70 c:/program files (x86)/microchip/xc32/v2.30/bin/bin/../../lib/gcc/pic32mx/4.8.3/../../../../pic32mx/lib\libmchp_peripheral_32MX250F128B.a(int_disable_interrupts_lib.o)
 .debug_line    0x00000f75       0x70 c:/program files (x86)/microchip/xc32/v2.30/bin/bin/../../lib/gcc/pic32mx/4.8.3/../../../../pic32mx/lib\libmchp_peripheral_32MX250F128B.a(int_restore_interrupts_lib.o)
 .debug_line    0x00000fe5       0x6b c:/program files (x86)/microchip/xc32/v2.30/bin/bin/../../lib/gcc/pic32mx/4.8.3/../../../../pic32mx/lib\libmchp_peripheral_32MX250F128B.a(int_enable_mv_int_lib.o)
 .debug_line    0x00001050       0x75 c:/program files (x86)/microchip/xc32/v2.30/bin/bin/../../lib/gcc/pic32mx/4.8.3/../../../../pic32mx/lib\libmchp_peripheral_32MX250F128B.a(dma_chn_set_ev_enable_flags_lib.o)
 .debug_line    0x000010c5       0x78 c:/program files (x86)/microchip/xc32/v2.30/bin/bin/../../lib/gcc/pic32mx/4.8.3/../../../../pic32mx/lib\libmchp_peripheral_32MX250F128B.a(dma_chn_open_lib.o)
 .debug_line    0x0000113d       0x68 c:/program files (x86)/microchip/xc32/v2.30/bin/bin/../../lib/gcc/pic32mx/4.8.3/../../../../pic32mx/lib\libmchp_peripheral_32MX250F128B.a(dma_chn_enable_lib.o)
 .debug_line    0x000011a5       0x7b c:/program files (x86)/microchip/xc32/v2.30/bin/bin/../../lib/gcc/pic32mx/4.8.3/../../../../pic32mx/lib\libmchp_peripheral_32MX250F128B.a(dma_chn_write_event_control_flags_lib.o)
 .debug_line    0x00001220       0x73 c:/program files (x86)/microchip/xc32/v2.30/bin/bin/../../lib/gcc/pic32mx/4.8.3/../../../../pic32mx/lib\libmchp_peripheral_32MX250F128B.a(dma_chn_set_match_pattern_lib.o)
 .debug_line    0x00001293       0x7d c:/program files (x86)/microchip/xc32/v2.30/bin/bin/../../lib/gcc/pic32mx/4.8.3/../../../../pic32mx/lib\libmchp_peripheral_32MX250F128B.a(dma_chn_set_txfer_lib.o)
 .debug_line    0x00001310        0x0 c:/program files (x86)/microchip/xc32/v2.30/bin/bin/../../lib/gcc/pic32mx/4.8.3/../../../../pic32mx/lib\libmchp_peripheral_32MX250F128B.a(dma_reg_map_tbl_lib.o)
 .debug_line    0x00001310       0x5f c:/program files (x86)/microchip/xc32/v2.30/bin/bin/../../lib/gcc/pic32mx/4.8.3/../../../../pic32mx/lib\libmchp_peripheral_32MX250F128B.a(uart_lib.o)
 .debug_line    0x0000136f       0x6f c:/program files (x86)/microchip/xc32/v2.30/bin/bin/../../lib/gcc/pic32mx/4.8.3/../../../../pic32mx/lib\libmchp_peripheral_32MX250F128B.a(int_enable_interrupts_lib.o)
 .debug_line    0x000013de       0x61 c:/program files (x86)/microchip/xc32/v2.30/bin/bin/../../lib/gcc/pic32mx/4.8.3/../../../../pic32mx/lib\libmchp_peripheral_32MX250F128B.a(int_tbl_lib.o)
 .debug_line    0x0000143f       0x94 c:/program files (x86)/microchip/xc32/v2.30/bin/bin/../../lib/gcc/pic32mx/4.8.3\libgcc.a(floatunsisf.o)
 .debug_line    0x000014d3       0xa6 c:/program files (x86)/microchip/xc32/v2.30/bin/bin/../../lib/gcc/pic32mx/4.8.3/../../../../pic32mx/lib\libpic32.a(default-bootstrap-exception-handler.o)
 .debug_line    0x00001579       0x93 c:/program files (x86)/microchip/xc32/v2.30/bin/bin/../../lib/gcc/pic32mx/4.8.3/../../../../pic32mx/lib\libpic32.a(default-on-reset.o)
 .debug_line    0x0000160c       0x97 c:/program files (x86)/microchip/xc32/v2.30/bin/bin/../../lib/gcc/pic32mx/4.8.3/../../../../pic32mx/lib\libpic32.a(default-on-bootstrap.o)
 .debug_line    0x000016a3       0xa4 c:/program files (x86)/microchip/xc32/v2.30/bin/bin/../../lib/gcc/pic32mx/4.8.3/../../../../pic32mx/lib\libpic32.a(default-general-exception-handler.o)
 .debug_line    0x00001747       0xa5 c:/program files (x86)/microchip/xc32/v2.30/bin/bin/../../lib/gcc/pic32mx/4.8.3/../../../../pic32mx/lib\libpic32.a(defaultinterrupt.o)
 .debug_line    0x000017ec       0xf7 c:/program files (x86)/microchip/xc32/v2.30/bin/bin/../../lib/gcc/pic32mx/4.8.3\libgcc.a(_udivdi3.o)
 .debug_line    0x000018e3      0x109 c:/program files (x86)/microchip/xc32/v2.30/bin/bin/../../lib/gcc/pic32mx/4.8.3\libgcc.a(_umoddi3.o)
 .debug_line    0x000019ec       0x8c c:/program files (x86)/microchip/xc32/v2.30/bin/bin/../../lib/gcc/pic32mx/4.8.3/../../../../pic32mx/lib\libpic32.a(_mon_getc.o)
 .debug_line    0x00001a78       0x8d c:/program files (x86)/microchip/xc32/v2.30/bin/bin/../../lib/gcc/pic32mx/4.8.3/../../../../pic32mx/lib\libpic32.a(_mon_write.o)
 .debug_line    0x00001b05        0x0 c:/program files (x86)/microchip/xc32/v2.30/bin/bin/../../lib/gcc/pic32mx/4.8.3/../../../../pic32mx/lib\libpic32.a(xc32_uart.o)
 .debug_line    0x00001b05       0x8c c:/program files (x86)/microchip/xc32/v2.30/bin/bin/../../lib/gcc/pic32mx/4.8.3/../../../../pic32mx/lib\libpic32.a(_mon_putc.o)

.debug_frame    0x00000000      0xaac
 *(.debug_frame)
 .debug_frame   0x00000000       0xc0 build/default/production/Pic32_delay_V1.1.o
 .debug_frame   0x000000c0      0x1ac build/default/production/ADC_V1.1.o
 .debug_frame   0x0000026c       0x94 build/default/production/DAC_V1.1.o
 .debug_frame   0x00000300      0x160 build/default/production/Uart_Print_V1.1.o
 .debug_frame   0x00000460       0x38 build/default/production/ndf.o
 .debug_frame   0x00000498       0x94 build/default/production/Lpfilter.o
 .debug_frame   0x0000052c      0x138 build/default/production/main_ndf.o
 .debug_frame   0x00000664       0x20 c:/program files (x86)/microchip/xc32/v2.30/bin/bin/../../lib/gcc/pic32mx/4.8.3/../../../../pic32mx/lib\libmchp_peripheral_32MX250F128B.a(int_disable_interrupts_lib.o)
 .debug_frame   0x00000684       0x20 c:/program files (x86)/microchip/xc32/v2.30/bin/bin/../../lib/gcc/pic32mx/4.8.3/../../../../pic32mx/lib\libmchp_peripheral_32MX250F128B.a(int_restore_interrupts_lib.o)
 .debug_frame   0x000006a4       0x28 c:/program files (x86)/microchip/xc32/v2.30/bin/bin/../../lib/gcc/pic32mx/4.8.3/../../../../pic32mx/lib\libmchp_peripheral_32MX250F128B.a(int_enable_mv_int_lib.o)
 .debug_frame   0x000006cc       0x20 c:/program files (x86)/microchip/xc32/v2.30/bin/bin/../../lib/gcc/pic32mx/4.8.3/../../../../pic32mx/lib\libmchp_peripheral_32MX250F128B.a(dma_chn_set_ev_enable_flags_lib.o)
 .debug_frame   0x000006ec       0x30 c:/program files (x86)/microchip/xc32/v2.30/bin/bin/../../lib/gcc/pic32mx/4.8.3/../../../../pic32mx/lib\libmchp_peripheral_32MX250F128B.a(dma_chn_open_lib.o)
 .debug_frame   0x0000071c       0x20 c:/program files (x86)/microchip/xc32/v2.30/bin/bin/../../lib/gcc/pic32mx/4.8.3/../../../../pic32mx/lib\libmchp_peripheral_32MX250F128B.a(dma_chn_enable_lib.o)
 .debug_frame   0x0000073c       0x20 c:/program files (x86)/microchip/xc32/v2.30/bin/bin/../../lib/gcc/pic32mx/4.8.3/../../../../pic32mx/lib\libmchp_peripheral_32MX250F128B.a(dma_chn_write_event_control_flags_lib.o)
 .debug_frame   0x0000075c       0x20 c:/program files (x86)/microchip/xc32/v2.30/bin/bin/../../lib/gcc/pic32mx/4.8.3/../../../../pic32mx/lib\libmchp_peripheral_32MX250F128B.a(dma_chn_set_match_pattern_lib.o)
 .debug_frame   0x0000077c       0x20 c:/program files (x86)/microchip/xc32/v2.30/bin/bin/../../lib/gcc/pic32mx/4.8.3/../../../../pic32mx/lib\libmchp_peripheral_32MX250F128B.a(dma_chn_set_txfer_lib.o)
 .debug_frame   0x0000079c       0x90 c:/program files (x86)/microchip/xc32/v2.30/bin/bin/../../lib/gcc/pic32mx/4.8.3/../../../../pic32mx/lib\libmchp_peripheral_32MX250F128B.a(uart_lib.o)
 .debug_frame   0x0000082c       0x20 c:/program files (x86)/microchip/xc32/v2.30/bin/bin/../../lib/gcc/pic32mx/4.8.3/../../../../pic32mx/lib\libmchp_peripheral_32MX250F128B.a(int_enable_interrupts_lib.o)
 .debug_frame   0x0000084c       0xa0 c:/program files (x86)/microchip/xc32/v2.30/bin/bin/../../lib/gcc/pic32mx/4.8.3/../../../../pic32mx/lib\libmchp_peripheral_32MX250F128B.a(int_tbl_lib.o)
 .debug_frame   0x000008ec       0x30 c:/program files (x86)/microchip/xc32/v2.30/bin/bin/../../lib/gcc/pic32mx/4.8.3\libgcc.a(floatunsisf.o)
 .debug_frame   0x0000091c       0x2c c:/program files (x86)/microchip/xc32/v2.30/bin/bin/../../lib/gcc/pic32mx/4.8.3/../../../../pic32mx/lib\libpic32.a(default-bootstrap-exception-handler.o)
 .debug_frame   0x00000948       0x20 c:/program files (x86)/microchip/xc32/v2.30/bin/bin/../../lib/gcc/pic32mx/4.8.3/../../../../pic32mx/lib\libpic32.a(default-on-reset.o)
 .debug_frame   0x00000968       0x20 c:/program files (x86)/microchip/xc32/v2.30/bin/bin/../../lib/gcc/pic32mx/4.8.3/../../../../pic32mx/lib\libpic32.a(default-on-bootstrap.o)
 .debug_frame   0x00000988       0x2c c:/program files (x86)/microchip/xc32/v2.30/bin/bin/../../lib/gcc/pic32mx/4.8.3/../../../../pic32mx/lib\libpic32.a(default-general-exception-handler.o)
 .debug_frame   0x000009b4       0x20 c:/program files (x86)/microchip/xc32/v2.30/bin/bin/../../lib/gcc/pic32mx/4.8.3/../../../../pic32mx/lib\libpic32.a(defaultinterrupt.o)
 .debug_frame   0x000009d4       0x20 c:/program files (x86)/microchip/xc32/v2.30/bin/bin/../../lib/gcc/pic32mx/4.8.3\libgcc.a(_udivdi3.o)
 .debug_frame   0x000009f4       0x20 c:/program files (x86)/microchip/xc32/v2.30/bin/bin/../../lib/gcc/pic32mx/4.8.3\libgcc.a(_umoddi3.o)
 .debug_frame   0x00000a14       0x34 c:/program files (x86)/microchip/xc32/v2.30/bin/bin/../../lib/gcc/pic32mx/4.8.3/../../../../pic32mx/lib\libpic32.a(_mon_getc.o)
 .debug_frame   0x00000a48       0x30 c:/program files (x86)/microchip/xc32/v2.30/bin/bin/../../lib/gcc/pic32mx/4.8.3/../../../../pic32mx/lib\libpic32.a(_mon_write.o)
 .debug_frame   0x00000a78       0x34 c:/program files (x86)/microchip/xc32/v2.30/bin/bin/../../lib/gcc/pic32mx/4.8.3/../../../../pic32mx/lib\libpic32.a(_mon_putc.o)

.debug_str      0x00000000       0x26
 *(.debug_str)
 .debug_str     0x00000000        0x6 build/default/production/Pic32_delay_V1.1.o
 .debug_str     0x00000006        0x0 build/default/production/ADC_V1.1.o
 .debug_str     0x00000006        0x0 build/default/production/DAC_V1.1.o
 .debug_str     0x00000006        0x0 build/default/production/Uart_Print_V1.1.o
 .debug_str     0x00000006        0x0 build/default/production/ndf.o
 .debug_str     0x00000006        0xb build/default/production/Lpfilter.o
 .debug_str     0x00000011       0x15 build/default/production/main_ndf.o
 .debug_str     0x00000026        0x0 c:/program files (x86)/microchip/xc32/v2.30/bin/bin/../../lib/gcc/pic32mx/4.8.3/../../../../pic32mx/lib\libmchp_peripheral_32MX250F128B.a(int_disable_interrupts_lib.o)
 .debug_str     0x00000026        0x0 c:/program files (x86)/microchip/xc32/v2.30/bin/bin/../../lib/gcc/pic32mx/4.8.3/../../../../pic32mx/lib\libmchp_peripheral_32MX250F128B.a(int_restore_interrupts_lib.o)
 .debug_str     0x00000026        0x0 c:/program files (x86)/microchip/xc32/v2.30/bin/bin/../../lib/gcc/pic32mx/4.8.3/../../../../pic32mx/lib\libmchp_peripheral_32MX250F128B.a(int_enable_mv_int_lib.o)
 .debug_str     0x00000026        0x0 c:/program files (x86)/microchip/xc32/v2.30/bin/bin/../../lib/gcc/pic32mx/4.8.3/../../../../pic32mx/lib\libmchp_peripheral_32MX250F128B.a(dma_chn_set_ev_enable_flags_lib.o)
 .debug_str     0x00000026        0x0 c:/program files (x86)/microchip/xc32/v2.30/bin/bin/../../lib/gcc/pic32mx/4.8.3/../../../../pic32mx/lib\libmchp_peripheral_32MX250F128B.a(dma_chn_open_lib.o)
 .debug_str     0x00000026        0x0 c:/program files (x86)/microchip/xc32/v2.30/bin/bin/../../lib/gcc/pic32mx/4.8.3/../../../../pic32mx/lib\libmchp_peripheral_32MX250F128B.a(dma_chn_enable_lib.o)
 .debug_str     0x00000026        0x0 c:/program files (x86)/microchip/xc32/v2.30/bin/bin/../../lib/gcc/pic32mx/4.8.3/../../../../pic32mx/lib\libmchp_peripheral_32MX250F128B.a(dma_chn_write_event_control_flags_lib.o)
 .debug_str     0x00000026        0x0 c:/program files (x86)/microchip/xc32/v2.30/bin/bin/../../lib/gcc/pic32mx/4.8.3/../../../../pic32mx/lib\libmchp_peripheral_32MX250F128B.a(dma_chn_set_match_pattern_lib.o)
 .debug_str     0x00000026        0x0 c:/program files (x86)/microchip/xc32/v2.30/bin/bin/../../lib/gcc/pic32mx/4.8.3/../../../../pic32mx/lib\libmchp_peripheral_32MX250F128B.a(dma_chn_set_txfer_lib.o)
 .debug_str     0x00000026        0x0 c:/program files (x86)/microchip/xc32/v2.30/bin/bin/../../lib/gcc/pic32mx/4.8.3/../../../../pic32mx/lib\libmchp_peripheral_32MX250F128B.a(dma_reg_map_tbl_lib.o)
 .debug_str     0x00000026        0x0 c:/program files (x86)/microchip/xc32/v2.30/bin/bin/../../lib/gcc/pic32mx/4.8.3/../../../../pic32mx/lib\libmchp_peripheral_32MX250F128B.a(uart_lib.o)
 .debug_str     0x00000026        0x0 c:/program files (x86)/microchip/xc32/v2.30/bin/bin/../../lib/gcc/pic32mx/4.8.3/../../../../pic32mx/lib\libmchp_peripheral_32MX250F128B.a(int_enable_interrupts_lib.o)
 .debug_str     0x00000026        0x0 c:/program files (x86)/microchip/xc32/v2.30/bin/bin/../../lib/gcc/pic32mx/4.8.3/../../../../pic32mx/lib\libmchp_peripheral_32MX250F128B.a(int_tbl_lib.o)
 .debug_str     0x00000026        0x0 c:/program files (x86)/microchip/xc32/v2.30/bin/bin/../../lib/gcc/pic32mx/4.8.3\libgcc.a(floatunsisf.o)
 .debug_str     0x00000026        0x0 c:/program files (x86)/microchip/xc32/v2.30/bin/bin/../../lib/gcc/pic32mx/4.8.3/../../../../pic32mx/lib\libpic32.a(default-bootstrap-exception-handler.o)
 .debug_str     0x00000026        0x0 c:/program files (x86)/microchip/xc32/v2.30/bin/bin/../../lib/gcc/pic32mx/4.8.3/../../../../pic32mx/lib\libpic32.a(default-on-reset.o)
 .debug_str     0x00000026        0x0 c:/program files (x86)/microchip/xc32/v2.30/bin/bin/../../lib/gcc/pic32mx/4.8.3/../../../../pic32mx/lib\libpic32.a(default-on-bootstrap.o)
 .debug_str     0x00000026        0x0 c:/program files (x86)/microchip/xc32/v2.30/bin/bin/../../lib/gcc/pic32mx/4.8.3/../../../../pic32mx/lib\libpic32.a(default-general-exception-handler.o)
 .debug_str     0x00000026        0x0 c:/program files (x86)/microchip/xc32/v2.30/bin/bin/../../lib/gcc/pic32mx/4.8.3/../../../../pic32mx/lib\libpic32.a(defaultinterrupt.o)
 .debug_str     0x00000026        0x0 c:/program files (x86)/microchip/xc32/v2.30/bin/bin/../../lib/gcc/pic32mx/4.8.3\libgcc.a(_udivdi3.o)
 .debug_str     0x00000026        0x0 c:/program files (x86)/microchip/xc32/v2.30/bin/bin/../../lib/gcc/pic32mx/4.8.3\libgcc.a(_umoddi3.o)
 .debug_str     0x00000026        0x0 c:/program files (x86)/microchip/xc32/v2.30/bin/bin/../../lib/gcc/pic32mx/4.8.3/../../../../pic32mx/lib\libpic32.a(_mon_getc.o)
 .debug_str     0x00000026        0x0 c:/program files (x86)/microchip/xc32/v2.30/bin/bin/../../lib/gcc/pic32mx/4.8.3/../../../../pic32mx/lib\libpic32.a(_mon_write.o)
 .debug_str     0x00000026        0x0 c:/program files (x86)/microchip/xc32/v2.30/bin/bin/../../lib/gcc/pic32mx/4.8.3/../../../../pic32mx/lib\libpic32.a(xc32_uart.o)
 .debug_str     0x00000026        0x0 c:/program files (x86)/microchip/xc32/v2.30/bin/bin/../../lib/gcc/pic32mx/4.8.3/../../../../pic32mx/lib\libpic32.a(_mon_putc.o)

.debug_loc      0x00000000     0x15df
 *(.debug_loc)
 .debug_loc     0x00000000       0x74 c:/program files (x86)/microchip/xc32/v2.30/bin/bin/../../lib/gcc/pic32mx/4.8.3\libgcc.a(floatunsisf.o)
 .debug_loc     0x00000074       0x2c c:/program files (x86)/microchip/xc32/v2.30/bin/bin/../../lib/gcc/pic32mx/4.8.3/../../../../pic32mx/lib\libpic32.a(default-bootstrap-exception-handler.o)
 .debug_loc     0x000000a0       0x2c c:/program files (x86)/microchip/xc32/v2.30/bin/bin/../../lib/gcc/pic32mx/4.8.3/../../../../pic32mx/lib\libpic32.a(default-general-exception-handler.o)
 .debug_loc     0x000000cc      0xa6a c:/program files (x86)/microchip/xc32/v2.30/bin/bin/../../lib/gcc/pic32mx/4.8.3\libgcc.a(_udivdi3.o)
 .debug_loc     0x00000b36      0xa3d c:/program files (x86)/microchip/xc32/v2.30/bin/bin/../../lib/gcc/pic32mx/4.8.3\libgcc.a(_umoddi3.o)
 .debug_loc     0x00001573       0x20 c:/program files (x86)/microchip/xc32/v2.30/bin/bin/../../lib/gcc/pic32mx/4.8.3/../../../../pic32mx/lib\libpic32.a(_mon_getc.o)
 .debug_loc     0x00001593       0x2c c:/program files (x86)/microchip/xc32/v2.30/bin/bin/../../lib/gcc/pic32mx/4.8.3/../../../../pic32mx/lib\libpic32.a(_mon_write.o)
 .debug_loc     0x000015bf       0x20 c:/program files (x86)/microchip/xc32/v2.30/bin/bin/../../lib/gcc/pic32mx/4.8.3/../../../../pic32mx/lib\libpic32.a(_mon_putc.o)

.debug_macinfo
 *(.debug_macinfo)

.debug_weaknames
 *(.debug_weaknames)

.debug_funcnames
 *(.debug_funcnames)

.debug_typenames
 *(.debug_typenames)

.debug_varnames
 *(.debug_varnames)

.debug_pubtypes
 *(.debug_pubtypes)

.debug_ranges   0x00000000      0x328
 *(.debug_ranges)
 .debug_ranges  0x00000000       0x10 c:/program files (x86)/microchip/xc32/v2.30/bin/bin/../../lib/gcc/pic32mx/4.8.3/../../../../pic32mx/lib\libmchp_peripheral_32MX250F128B.a(int_disable_interrupts_lib.o)
 .debug_ranges  0x00000010       0x10 c:/program files (x86)/microchip/xc32/v2.30/bin/bin/../../lib/gcc/pic32mx/4.8.3/../../../../pic32mx/lib\libmchp_peripheral_32MX250F128B.a(int_restore_interrupts_lib.o)
 .debug_ranges  0x00000020       0x10 c:/program files (x86)/microchip/xc32/v2.30/bin/bin/../../lib/gcc/pic32mx/4.8.3/../../../../pic32mx/lib\libmchp_peripheral_32MX250F128B.a(int_enable_mv_int_lib.o)
 .debug_ranges  0x00000030       0x10 c:/program files (x86)/microchip/xc32/v2.30/bin/bin/../../lib/gcc/pic32mx/4.8.3/../../../../pic32mx/lib\libmchp_peripheral_32MX250F128B.a(dma_chn_set_ev_enable_flags_lib.o)
 .debug_ranges  0x00000040       0x10 c:/program files (x86)/microchip/xc32/v2.30/bin/bin/../../lib/gcc/pic32mx/4.8.3/../../../../pic32mx/lib\libmchp_peripheral_32MX250F128B.a(dma_chn_open_lib.o)
 .debug_ranges  0x00000050       0x10 c:/program files (x86)/microchip/xc32/v2.30/bin/bin/../../lib/gcc/pic32mx/4.8.3/../../../../pic32mx/lib\libmchp_peripheral_32MX250F128B.a(dma_chn_enable_lib.o)
 .debug_ranges  0x00000060       0x10 c:/program files (x86)/microchip/xc32/v2.30/bin/bin/../../lib/gcc/pic32mx/4.8.3/../../../../pic32mx/lib\libmchp_peripheral_32MX250F128B.a(dma_chn_write_event_control_flags_lib.o)
 .debug_ranges  0x00000070       0x10 c:/program files (x86)/microchip/xc32/v2.30/bin/bin/../../lib/gcc/pic32mx/4.8.3/../../../../pic32mx/lib\libmchp_peripheral_32MX250F128B.a(dma_chn_set_match_pattern_lib.o)
 .debug_ranges  0x00000080       0x10 c:/program files (x86)/microchip/xc32/v2.30/bin/bin/../../lib/gcc/pic32mx/4.8.3/../../../../pic32mx/lib\libmchp_peripheral_32MX250F128B.a(dma_chn_set_txfer_lib.o)
 .debug_ranges  0x00000090       0x48 c:/program files (x86)/microchip/xc32/v2.30/bin/bin/../../lib/gcc/pic32mx/4.8.3/../../../../pic32mx/lib\libmchp_peripheral_32MX250F128B.a(uart_lib.o)
 .debug_ranges  0x000000d8       0x10 c:/program files (x86)/microchip/xc32/v2.30/bin/bin/../../lib/gcc/pic32mx/4.8.3/../../../../pic32mx/lib\libmchp_peripheral_32MX250F128B.a(int_enable_interrupts_lib.o)
 .debug_ranges  0x000000e8       0x50 c:/program files (x86)/microchip/xc32/v2.30/bin/bin/../../lib/gcc/pic32mx/4.8.3/../../../../pic32mx/lib\libmchp_peripheral_32MX250F128B.a(int_tbl_lib.o)
 .debug_ranges  0x00000138       0x10 c:/program files (x86)/microchip/xc32/v2.30/bin/bin/../../lib/gcc/pic32mx/4.8.3/../../../../pic32mx/lib\libpic32.a(default-bootstrap-exception-handler.o)
 .debug_ranges  0x00000148       0x10 c:/program files (x86)/microchip/xc32/v2.30/bin/bin/../../lib/gcc/pic32mx/4.8.3/../../../../pic32mx/lib\libpic32.a(default-on-reset.o)
 .debug_ranges  0x00000158       0x10 c:/program files (x86)/microchip/xc32/v2.30/bin/bin/../../lib/gcc/pic32mx/4.8.3/../../../../pic32mx/lib\libpic32.a(default-on-bootstrap.o)
 .debug_ranges  0x00000168       0x10 c:/program files (x86)/microchip/xc32/v2.30/bin/bin/../../lib/gcc/pic32mx/4.8.3/../../../../pic32mx/lib\libpic32.a(default-general-exception-handler.o)
 .debug_ranges  0x00000178       0x10 c:/program files (x86)/microchip/xc32/v2.30/bin/bin/../../lib/gcc/pic32mx/4.8.3/../../../../pic32mx/lib\libpic32.a(defaultinterrupt.o)
 .debug_ranges  0x00000188       0x98 c:/program files (x86)/microchip/xc32/v2.30/bin/bin/../../lib/gcc/pic32mx/4.8.3\libgcc.a(_udivdi3.o)
 .debug_ranges  0x00000220       0xd8 c:/program files (x86)/microchip/xc32/v2.30/bin/bin/../../lib/gcc/pic32mx/4.8.3\libgcc.a(_umoddi3.o)
 .debug_ranges  0x000002f8       0x10 c:/program files (x86)/microchip/xc32/v2.30/bin/bin/../../lib/gcc/pic32mx/4.8.3/../../../../pic32mx/lib\libpic32.a(_mon_getc.o)
 .debug_ranges  0x00000308       0x10 c:/program files (x86)/microchip/xc32/v2.30/bin/bin/../../lib/gcc/pic32mx/4.8.3/../../../../pic32mx/lib\libpic32.a(_mon_write.o)
 .debug_ranges  0x00000318       0x10 c:/program files (x86)/microchip/xc32/v2.30/bin/bin/../../lib/gcc/pic32mx/4.8.3/../../../../pic32mx/lib\libpic32.a(_mon_putc.o)

.gnu.attributes
                0x00000000       0x10
 *(.gnu.attributes)
 .gnu.attributes
                0x00000000       0x10 build/default/production/Pic32_delay_V1.1.o
 .gnu.attributes
                0x00000010       0x10 build/default/production/ADC_V1.1.o
 .gnu.attributes
                0x00000020       0x10 build/default/production/DAC_V1.1.o
 .gnu.attributes
                0x00000030       0x10 build/default/production/Uart_Print_V1.1.o
 .gnu.attributes
                0x00000040       0x10 build/default/production/ndf.o
 .gnu.attributes
                0x00000050       0x10 build/default/production/Lpfilter.o
 .gnu.attributes
                0x00000060       0x10 build/default/production/main_ndf.o
 .gnu.attributes
                0x00000070       0x10 c:/program files (x86)/microchip/xc32/v2.30/bin/bin/../../lib/gcc/pic32mx/4.8.3/../../../../pic32mx/lib\libmchp_peripheral_32MX250F128B.a(int_disable_interrupts_lib.o)
 .gnu.attributes
                0x00000080       0x10 c:/program files (x86)/microchip/xc32/v2.30/bin/bin/../../lib/gcc/pic32mx/4.8.3/../../../../pic32mx/lib\libmchp_peripheral_32MX250F128B.a(int_restore_interrupts_lib.o)
 .gnu.attributes
                0x00000090       0x10 c:/program files (x86)/microchip/xc32/v2.30/bin/bin/../../lib/gcc/pic32mx/4.8.3/../../../../pic32mx/lib\libmchp_peripheral_32MX250F128B.a(int_enable_mv_int_lib.o)
 .gnu.attributes
                0x000000a0       0x10 c:/program files (x86)/microchip/xc32/v2.30/bin/bin/../../lib/gcc/pic32mx/4.8.3/../../../../pic32mx/lib\libmchp_peripheral_32MX250F128B.a(dma_chn_set_ev_enable_flags_lib.o)
 .gnu.attributes
                0x000000b0       0x10 c:/program files (x86)/microchip/xc32/v2.30/bin/bin/../../lib/gcc/pic32mx/4.8.3/../../../../pic32mx/lib\libmchp_peripheral_32MX250F128B.a(dma_chn_open_lib.o)
 .gnu.attributes
                0x000000c0       0x10 c:/program files (x86)/microchip/xc32/v2.30/bin/bin/../../lib/gcc/pic32mx/4.8.3/../../../../pic32mx/lib\libmchp_peripheral_32MX250F128B.a(dma_chn_enable_lib.o)
 .gnu.attributes
                0x000000d0       0x10 c:/program files (x86)/microchip/xc32/v2.30/bin/bin/../../lib/gcc/pic32mx/4.8.3/../../../../pic32mx/lib\libmchp_peripheral_32MX250F128B.a(dma_chn_write_event_control_flags_lib.o)
 .gnu.attributes
                0x000000e0       0x10 c:/program files (x86)/microchip/xc32/v2.30/bin/bin/../../lib/gcc/pic32mx/4.8.3/../../../../pic32mx/lib\libmchp_peripheral_32MX250F128B.a(dma_chn_set_match_pattern_lib.o)
 .gnu.attributes
                0x000000f0       0x10 c:/program files (x86)/microchip/xc32/v2.30/bin/bin/../../lib/gcc/pic32mx/4.8.3/../../../../pic32mx/lib\libmchp_peripheral_32MX250F128B.a(dma_chn_set_txfer_lib.o)
 .gnu.attributes
                0x00000100       0x10 c:/program files (x86)/microchip/xc32/v2.30/bin/bin/../../lib/gcc/pic32mx/4.8.3/../../../../pic32mx/lib\libmchp_peripheral_32MX250F128B.a(dma_reg_map_tbl_lib.o)
 .gnu.attributes
                0x00000110       0x10 c:/program files (x86)/microchip/xc32/v2.30/bin/bin/../../lib/gcc/pic32mx/4.8.3/../../../../pic32mx/lib\libmchp_peripheral_32MX250F128B.a(uart_lib.o)
 .gnu.attributes
                0x00000120       0x10 c:/program files (x86)/microchip/xc32/v2.30/bin/bin/../../lib/gcc/pic32mx/4.8.3/../../../../pic32mx/lib\libmchp_peripheral_32MX250F128B.a(int_enable_interrupts_lib.o)
 .gnu.attributes
                0x00000130       0x10 c:/program files (x86)/microchip/xc32/v2.30/bin/bin/../../lib/gcc/pic32mx/4.8.3/../../../../pic32mx/lib\libmchp_peripheral_32MX250F128B.a(int_tbl_lib.o)
 .gnu.attributes
                0x00000140       0x10 c:/program files (x86)/microchip/xc32/v2.30/bin/bin/../../lib/gcc/pic32mx/4.8.3\libgcc.a(floatunsisf.o)
 .gnu.attributes
                0x00000150       0x10 c:/program files (x86)/microchip/xc32/v2.30/bin/bin/../../lib/gcc/pic32mx/4.8.3/../../../../pic32mx/lib\libpic32.a(default-bootstrap-exception-handler.o)
 .gnu.attributes
                0x00000160       0x10 c:/program files (x86)/microchip/xc32/v2.30/bin/bin/../../lib/gcc/pic32mx/4.8.3/../../../../pic32mx/lib\libpic32.a(default-on-reset.o)
 .gnu.attributes
                0x00000170       0x10 c:/program files (x86)/microchip/xc32/v2.30/bin/bin/../../lib/gcc/pic32mx/4.8.3/../../../../pic32mx/lib\libpic32.a(default-on-bootstrap.o)
 .gnu.attributes
                0x00000180       0x10 c:/program files (x86)/microchip/xc32/v2.30/bin/bin/../../lib/gcc/pic32mx/4.8.3/../../../../pic32mx/lib\libpic32.a(default-general-exception-handler.o)
 .gnu.attributes
                0x00000190       0x10 c:/program files (x86)/microchip/xc32/v2.30/bin/bin/../../lib/gcc/pic32mx/4.8.3/../../../../pic32mx/lib\libpic32.a(defaultinterrupt.o)
 .gnu.attributes
                0x000001a0       0x10 c:/program files (x86)/microchip/xc32/v2.30/bin/bin/../../lib/gcc/pic32mx/4.8.3/../../../../pic32mx/lib\liblega-c.a(sprintf_cdfFnopuxX.eo)
 .gnu.attributes
                0x000001b0       0x10 c:/program files (x86)/microchip/xc32/v2.30/bin/bin/../../lib/gcc/pic32mx/4.8.3/../../../../pic32mx/lib\liblega-c.a(_doprnt_cdfFnopuxX.eo)
 .gnu.attributes
                0x000001c0       0x10 c:/program files (x86)/microchip/xc32/v2.30/bin/bin/../../lib/gcc/pic32mx/4.8.3/../../../../pic32mx/lib\liblega-c.a(_iobdata.o)
 .gnu.attributes
                0x000001d0       0x10 c:/program files (x86)/microchip/xc32/v2.30/bin/bin/../../lib/gcc/pic32mx/4.8.3/../../../../pic32mx/lib\liblega-c.a(_iobfuncs.o)
 .gnu.attributes
                0x000001e0       0x10 c:/program files (x86)/microchip/xc32/v2.30/bin/bin/../../lib/gcc/pic32mx/4.8.3/../../../../pic32mx/lib\liblega-c.a(_iobstring.o)
 .gnu.attributes
                0x000001f0       0x10 c:/program files (x86)/microchip/xc32/v2.30/bin/bin/../../lib/gcc/pic32mx/4.8.3/../../../../pic32mx/lib\liblega-c.a(fputc.o)
 .gnu.attributes
                0x00000200       0x10 c:/program files (x86)/microchip/xc32/v2.30/bin/bin/../../lib/gcc/pic32mx/4.8.3/../../../../pic32mx/lib\liblega-c.a(strlen.o)
 .gnu.attributes
                0x00000210       0x10 c:/program files (x86)/microchip/xc32/v2.30/bin/bin/../../lib/gcc/pic32mx/4.8.3/../../../../pic32mx/lib\liblega-c.a(errno.o)
 .gnu.attributes
                0x00000220       0x10 c:/program files (x86)/microchip/xc32/v2.30/bin/bin/../../lib/gcc/pic32mx/4.8.3\libgcc.a(_udivdi3.o)
 .gnu.attributes
                0x00000230       0x10 c:/program files (x86)/microchip/xc32/v2.30/bin/bin/../../lib/gcc/pic32mx/4.8.3\libgcc.a(_umoddi3.o)
 .gnu.attributes
                0x00000240       0x10 c:/program files (x86)/microchip/xc32/v2.30/bin/bin/../../lib/gcc/pic32mx/4.8.3/../../../../pic32mx/lib\libpic32.a(_mon_getc.o)
 .gnu.attributes
                0x00000250       0x10 c:/program files (x86)/microchip/xc32/v2.30/bin/bin/../../lib/gcc/pic32mx/4.8.3/../../../../pic32mx/lib\libpic32.a(_mon_write.o)
 .gnu.attributes
                0x00000260       0x10 c:/program files (x86)/microchip/xc32/v2.30/bin/bin/../../lib/gcc/pic32mx/4.8.3/../../../../pic32mx/lib\libpic32.a(xc32_uart.o)
 .gnu.attributes
                0x00000270       0x10 c:/program files (x86)/microchip/xc32/v2.30/bin/bin/../../lib/gcc/pic32mx/4.8.3/../../../../pic32mx/lib\libpic32.a(_mon_putc.o)
LOAD c:/program files (x86)/microchip/xc32/v2.30/bin/bin/../../lib/gcc/pic32mx/4.8.3\libgcc.a
START GROUP
LOAD c:/program files (x86)/microchip/xc32/v2.30/bin/bin/../../lib/gcc/pic32mx/4.8.3/../../../../pic32mx/lib\libpic32.a
LOAD c:/program files (x86)/microchip/xc32/v2.30/bin/bin/../../lib/gcc/pic32mx/4.8.3/../../../../pic32mx/lib\libdebug.a
LOAD c:/program files (x86)/microchip/xc32/v2.30/bin/bin/../../lib/gcc/pic32mx/4.8.3/../../../../pic32mx/lib\libpic32.a
LOAD c:/program files (x86)/microchip/xc32/v2.30/bin/bin/../../lib/gcc/pic32mx/4.8.3/../../../../pic32mx/lib\liblega-c.a
LOAD c:/program files (x86)/microchip/xc32/v2.30/bin/bin/../../lib/gcc/pic32mx/4.8.3/../../../../pic32mx/lib\libm.a
LOAD c:/program files (x86)/microchip/xc32/v2.30/bin/bin/../../lib/gcc/pic32mx/4.8.3/../../../../pic32mx/lib\libe.a
LOAD c:/program files (x86)/microchip/xc32/v2.30/bin/bin/../../lib/gcc/pic32mx/4.8.3/../../../../pic32mx/lib\libdsp.a
LOAD c:/program files (x86)/microchip/xc32/v2.30/bin/bin/../../lib/gcc/pic32mx/4.8.3\libgcc.a
LOAD c:/program files (x86)/microchip/xc32/v2.30/bin/bin/../../lib/gcc/pic32mx/4.8.3/../../../../pic32mx/lib\libpic32.a